MPLINK 5.00, LINKER
Linker Map File - Created Fri Feb 12 19:15:11 2021

                                 Section Info
                  Section       Type    Address   Location Size(Bytes)
                ---------  ---------  ---------  ---------  ---------
               _entry_scn       code   0x000000    program   0x000006
               highVector       code   0x000008    program   0x000006
                lowVector       code   0x000018    program   0x000006
                   .cinit    romdata   0x01fc00    program   0x000002
               _cinit_scn       code   0x01fc02    program   0x00009e
             .code_main.o       code   0x01fca0    program   0x00005e
                    .code       code   0x01fcfe    program   0x00002c
             _startup_scn       code   0x01fd2a    program   0x00001c
           .code___init.o       code   0x01fd46    program   0x000002
          .idata_main.o_i    romdata   0x01fd48    program   0x000000
          .romdata_main.o    romdata   0x01fd48    program   0x000000
            .code_c018i.o       code   0x01fd48    program   0x000000
         .romdata_c018i.o    romdata   0x01fd48    program   0x000000
        .idata___init.o_i    romdata   0x01fd48    program   0x000000
        .romdata___init.o    romdata   0x01fd48    program   0x000000
         .idata_c018i.o_i    romdata   0x01fd48    program   0x000000
     .config_1fff8_main.o    romdata   0x01fff8    program   0x000001
     .config_1fff9_main.o    romdata   0x01fff9    program   0x000001
     .config_1fffa_main.o    romdata   0x01fffa    program   0x000001
     .config_1fffd_main.o    romdata   0x01fffd    program   0x000001
                MATH_DATA      udata   0x000000       data   0x000002
                 .tmpdata      udata   0x000002       data   0x000000
                   .stack      udata   0x000d00       data   0x000100
              SFR_BANKED0      udata   0x000e80       data   0x000006
              SFR_BANKED1      udata   0x000e8a       data   0x000001
              SFR_BANKED2      udata   0x000e97       data   0x000003
              SFR_BANKED3      udata   0x000ea0       data   0x000001
              SFR_BANKED4      udata   0x000ea2       data   0x000003
              SFR_BANKED5      udata   0x000ea6       data   0x000002
              SFR_BANKED6      udata   0x000eaa       data   0x000002
              SFR_BANKED7      udata   0x000eb2       data   0x000001
              SFR_BANKED8      udata   0x000eb4       data   0x000001
              SFR_BANKED9      udata   0x000eb6       data   0x000004
             SFR_BANKED10      udata   0x000ec0       data   0x000012
             SFR_BANKED11      udata   0x000ed4       data   0x000002
             SFR_BANKED12      udata   0x000ed8       data   0x000002
             SFR_BANKED13      udata   0x000ee2       data   0x000016
             SFR_BANKED14      udata   0x000efb       data   0x000001
             SFR_BANKED15      udata   0x000efd       data   0x000002
           .udata_c018i.o      udata   0x000f00       data   0x00000a
            .idata_main.o      idata   0x000f0a       data   0x000000
            .udata_main.o      udata   0x000f0a       data   0x000000
          .udata___init.o      udata   0x000f0a       data   0x000000
          .idata___init.o      idata   0x000f0a       data   0x000000
           .idata_c018i.o      idata   0x000f0a       data   0x000000
            SFR_UNBANKED0      udata   0x000f60       data   0x0000a0



                              Program Memory Usage 
                               Start         End      
                           ---------   ---------      
                            0x000000    0x000005      
                            0x000008    0x00000d      
                            0x000018    0x00001d      
                            0x01fc00    0x01fd47      
                            0x01fff8    0x01fffa      
                            0x01fffd    0x01fffd      
            350 out of 122816 program addresses used, program memory utilization is 0%



                              Symbols - Sorted by Name
                     Name    Address   Location    Storage File                     
                ---------  ---------  ---------  --------- ---------                
                  HighISR   0x01fcb8    program     extern D:\Mes documents\CLIBASE\R&D\CLIBASE V6\Archives Prog\Prog FW vierge pour base dév\Prog\MPLAB.X\sources\main.c
               HighVector   0x000008    program     extern D:\Mes documents\CLIBASE\R&D\CLIBASE V6\Archives Prog\Prog FW vierge pour base dév\Prog\MPLAB.X\sources\main.c
                   LowISR   0x01fca0    program     extern D:\Mes documents\CLIBASE\R&D\CLIBASE V6\Archives Prog\Prog FW vierge pour base dév\Prog\MPLAB.X\sources\main.c
                LowVector   0x000018    program     extern D:\Mes documents\CLIBASE\R&D\CLIBASE V6\Archives Prog\Prog FW vierge pour base dév\Prog\MPLAB.X\sources\main.c
       ___return_lbl00000   0x000004    program     static                          
       ___return_lbl00001   0x01fd44    program     static                          
       ___return_lbl00002   0x00001c    program     static                          
       ___return_lbl00002   0x01fc9e    program     static                          
       ___return_lbl00003   0x00000c    program     static                          
               __config_0   0x01fff8    program     static D:\Mes documents\CLIBASE\R&D\CLIBASE V6\Archives Prog\Prog FW vierge pour base dév\Prog\MPLAB.X\sources\main.c
               __config_1   0x01fff9    program     static D:\Mes documents\CLIBASE\R&D\CLIBASE V6\Archives Prog\Prog FW vierge pour base dév\Prog\MPLAB.X\sources\main.c
               __config_2   0x01fffa    program     static D:\Mes documents\CLIBASE\R&D\CLIBASE V6\Archives Prog\Prog FW vierge pour base dév\Prog\MPLAB.X\sources\main.c
               __config_3   0x01fffd    program     static D:\Mes documents\CLIBASE\R&D\CLIBASE V6\Archives Prog\Prog FW vierge pour base dév\Prog\MPLAB.X\sources\main.c
                   __init   0x01fd46    program     extern E:\3.46\pic18-lt\cxx-framework\src\traditional\stdclib\__init.c
                   __pa_0   0x01fcf0    program     static D:\Mes documents\CLIBASE\R&D\CLIBASE V6\Archives Prog\Prog FW vierge pour base dév\Prog\MPLAB.X\sources\main.c
            __zero_memory   0x01fcfe    program     extern E:\3.46\pic18-lt\cxx-framework\src\traditional\proc\p18f67j60.asm
                _do_cinit   0x01fc02    program     extern E:\3.46\pic18-lt\cxx-framework\src\traditional\startup\c018i.c
                   _entry   0x000000    program     extern E:\3.46\pic18-lt\cxx-framework\src\traditional\startup\c018i.c
                 _startup   0x01fd2a    program     extern E:\3.46\pic18-lt\cxx-framework\src\traditional\startup\c018i.c
                compare_l   0x01fd20    program     static E:\3.46\pic18-lt\cxx-framework\src\traditional\proc\p18f67j60.asm
                copy_loop   0x01fc74    program     static                          
            copy_one_byte   0x01fc7a    program     static                          
                     done   0x01fc9e    program     static                          
             done_copying   0x01fc88    program     static                          
            init_generale   0x01fcdc    program     extern D:\Mes documents\CLIBASE\R&D\CLIBASE V6\Archives Prog\Prog FW vierge pour base dév\Prog\MPLAB.X\sources\main.c
                     loop   0x01fd3a    program     static                          
                   loop_h   0x01fd18    program     static E:\3.46\pic18-lt\cxx-framework\src\traditional\proc\p18f67j60.asm
                   loop_l   0x01fd22    program     static E:\3.46\pic18-lt\cxx-framework\src\traditional\proc\p18f67j60.asm
                     main   0x01fcbc    program     extern D:\Mes documents\CLIBASE\R&D\CLIBASE V6\Archives Prog\Prog FW vierge pour base dév\Prog\MPLAB.X\sources\main.c
                     test   0x01fc1c    program     static                          
               zero_block   0x01fd18    program     static E:\3.46\pic18-lt\cxx-framework\src\traditional\proc\p18f67j60.asm
                   ADCON0   0x000fc2       data     extern E:\3.46\pic18-lt\cxx-framework\src\traditional\proc\p18f67j60.asm
               ADCON0bits   0x000fc2       data     extern E:\3.46\pic18-lt\cxx-framework\src\traditional\proc\p18f67j60.asm
                   ADCON1   0x000fc1       data     extern E:\3.46\pic18-lt\cxx-framework\src\traditional\proc\p18f67j60.asm
               ADCON1bits   0x000fc1       data     extern E:\3.46\pic18-lt\cxx-framework\src\traditional\proc\p18f67j60.asm
                   ADCON2   0x000fc0       data     extern E:\3.46\pic18-lt\cxx-framework\src\traditional\proc\p18f67j60.asm
               ADCON2bits   0x000fc0       data     extern E:\3.46\pic18-lt\cxx-framework\src\traditional\proc\p18f67j60.asm
                    ADRES   0x000fc3       data     extern E:\3.46\pic18-lt\cxx-framework\src\traditional\proc\p18f67j60.asm
                   ADRESH   0x000fc4       data     extern E:\3.46\pic18-lt\cxx-framework\src\traditional\proc\p18f67j60.asm
                   ADRESL   0x000fc3       data     extern E:\3.46\pic18-lt\cxx-framework\src\traditional\proc\p18f67j60.asm
                  BAUDCON   0x000f7e       data     extern E:\3.46\pic18-lt\cxx-framework\src\traditional\proc\p18f67j60.asm
                 BAUDCON1   0x000f7e       data     extern E:\3.46\pic18-lt\cxx-framework\src\traditional\proc\p18f67j60.asm
             BAUDCON1bits   0x000f7e       data     extern E:\3.46\pic18-lt\cxx-framework\src\traditional\proc\p18f67j60.asm
              BAUDCONbits   0x000f7e       data     extern E:\3.46\pic18-lt\cxx-framework\src\traditional\proc\p18f67j60.asm
                  BAUDCTL   0x000f7e       data     extern E:\3.46\pic18-lt\cxx-framework\src\traditional\proc\p18f67j60.asm
                 BAUDCTL1   0x000f7e       data     extern E:\3.46\pic18-lt\cxx-framework\src\traditional\proc\p18f67j60.asm
             BAUDCTL1bits   0x000f7e       data     extern E:\3.46\pic18-lt\cxx-framework\src\traditional\proc\p18f67j60.asm
              BAUDCTLbits   0x000f7e       data     extern E:\3.46\pic18-lt\cxx-framework\src\traditional\proc\p18f67j60.asm
                      BSR   0x000fe0       data     extern E:\3.46\pic18-lt\cxx-framework\src\traditional\proc\p18f67j60.asm
                  CCP1CON   0x000fbd       data     extern E:\3.46\pic18-lt\cxx-framework\src\traditional\proc\p18f67j60.asm
              CCP1CONbits   0x000fbd       data     extern E:\3.46\pic18-lt\cxx-framework\src\traditional\proc\p18f67j60.asm
                  CCP2CON   0x000fba       data     extern E:\3.46\pic18-lt\cxx-framework\src\traditional\proc\p18f67j60.asm
              CCP2CONbits   0x000fba       data     extern E:\3.46\pic18-lt\cxx-framework\src\traditional\proc\p18f67j60.asm
                  CCP3CON   0x000fb7       data     extern E:\3.46\pic18-lt\cxx-framework\src\traditional\proc\p18f67j60.asm
              CCP3CONbits   0x000fb7       data     extern E:\3.46\pic18-lt\cxx-framework\src\traditional\proc\p18f67j60.asm
                  CCP4CON   0x000f73       data     extern E:\3.46\pic18-lt\cxx-framework\src\traditional\proc\p18f67j60.asm
              CCP4CONbits   0x000f73       data     extern E:\3.46\pic18-lt\cxx-framework\src\traditional\proc\p18f67j60.asm
                  CCP5CON   0x000f70       data     extern E:\3.46\pic18-lt\cxx-framework\src\traditional\proc\p18f67j60.asm
              CCP5CONbits   0x000f70       data     extern E:\3.46\pic18-lt\cxx-framework\src\traditional\proc\p18f67j60.asm
                    CCPR1   0x000fbe       data     extern E:\3.46\pic18-lt\cxx-framework\src\traditional\proc\p18f67j60.asm
                   CCPR1H   0x000fbf       data     extern E:\3.46\pic18-lt\cxx-framework\src\traditional\proc\p18f67j60.asm
                   CCPR1L   0x000fbe       data     extern E:\3.46\pic18-lt\cxx-framework\src\traditional\proc\p18f67j60.asm
                    CCPR2   0x000fbb       data     extern E:\3.46\pic18-lt\cxx-framework\src\traditional\proc\p18f67j60.asm
                   CCPR2H   0x000fbc       data     extern E:\3.46\pic18-lt\cxx-framework\src\traditional\proc\p18f67j60.asm
                   CCPR2L   0x000fbb       data     extern E:\3.46\pic18-lt\cxx-framework\src\traditional\proc\p18f67j60.asm
                    CCPR3   0x000fb8       data     extern E:\3.46\pic18-lt\cxx-framework\src\traditional\proc\p18f67j60.asm
                   CCPR3H   0x000fb9       data     extern E:\3.46\pic18-lt\cxx-framework\src\traditional\proc\p18f67j60.asm
                   CCPR3L   0x000fb8       data     extern E:\3.46\pic18-lt\cxx-framework\src\traditional\proc\p18f67j60.asm
                    CCPR4   0x000f74       data     extern E:\3.46\pic18-lt\cxx-framework\src\traditional\proc\p18f67j60.asm
                   CCPR4H   0x000f75       data     extern E:\3.46\pic18-lt\cxx-framework\src\traditional\proc\p18f67j60.asm
                   CCPR4L   0x000f74       data     extern E:\3.46\pic18-lt\cxx-framework\src\traditional\proc\p18f67j60.asm
                    CCPR5   0x000f71       data     extern E:\3.46\pic18-lt\cxx-framework\src\traditional\proc\p18f67j60.asm
                   CCPR5H   0x000f72       data     extern E:\3.46\pic18-lt\cxx-framework\src\traditional\proc\p18f67j60.asm
                   CCPR5L   0x000f71       data     extern E:\3.46\pic18-lt\cxx-framework\src\traditional\proc\p18f67j60.asm
                    CMCON   0x000fb4       data     extern E:\3.46\pic18-lt\cxx-framework\src\traditional\proc\p18f67j60.asm
                CMCONbits   0x000fb4       data     extern E:\3.46\pic18-lt\cxx-framework\src\traditional\proc\p18f67j60.asm
                   CVRCON   0x000fb5       data     extern E:\3.46\pic18-lt\cxx-framework\src\traditional\proc\p18f67j60.asm
               CVRCONbits   0x000fb5       data     extern E:\3.46\pic18-lt\cxx-framework\src\traditional\proc\p18f67j60.asm
                     DDRA   0x000f92       data     extern E:\3.46\pic18-lt\cxx-framework\src\traditional\proc\p18f67j60.asm
                 DDRAbits   0x000f92       data     extern E:\3.46\pic18-lt\cxx-framework\src\traditional\proc\p18f67j60.asm
                     DDRB   0x000f93       data     extern E:\3.46\pic18-lt\cxx-framework\src\traditional\proc\p18f67j60.asm
                 DDRBbits   0x000f93       data     extern E:\3.46\pic18-lt\cxx-framework\src\traditional\proc\p18f67j60.asm
                     DDRC   0x000f94       data     extern E:\3.46\pic18-lt\cxx-framework\src\traditional\proc\p18f67j60.asm
                 DDRCbits   0x000f94       data     extern E:\3.46\pic18-lt\cxx-framework\src\traditional\proc\p18f67j60.asm
                     DDRD   0x000f95       data     extern E:\3.46\pic18-lt\cxx-framework\src\traditional\proc\p18f67j60.asm
                 DDRDbits   0x000f95       data     extern E:\3.46\pic18-lt\cxx-framework\src\traditional\proc\p18f67j60.asm
                     DDRE   0x000f96       data     extern E:\3.46\pic18-lt\cxx-framework\src\traditional\proc\p18f67j60.asm
                 DDREbits   0x000f96       data     extern E:\3.46\pic18-lt\cxx-framework\src\traditional\proc\p18f67j60.asm
                     DDRF   0x000f97       data     extern E:\3.46\pic18-lt\cxx-framework\src\traditional\proc\p18f67j60.asm
                 DDRFbits   0x000f97       data     extern E:\3.46\pic18-lt\cxx-framework\src\traditional\proc\p18f67j60.asm
                     DDRG   0x000f98       data     extern E:\3.46\pic18-lt\cxx-framework\src\traditional\proc\p18f67j60.asm
                 DDRGbits   0x000f98       data     extern E:\3.46\pic18-lt\cxx-framework\src\traditional\proc\p18f67j60.asm
                  ECCP1AS   0x000fb6       data     extern E:\3.46\pic18-lt\cxx-framework\src\traditional\proc\p18f67j60.asm
              ECCP1ASbits   0x000fb6       data     extern E:\3.46\pic18-lt\cxx-framework\src\traditional\proc\p18f67j60.asm
                 ECCP1CON   0x000fbd       data     extern E:\3.46\pic18-lt\cxx-framework\src\traditional\proc\p18f67j60.asm
             ECCP1CONbits   0x000fbd       data     extern E:\3.46\pic18-lt\cxx-framework\src\traditional\proc\p18f67j60.asm
                 ECCP1DEL   0x000f79       data     extern E:\3.46\pic18-lt\cxx-framework\src\traditional\proc\p18f67j60.asm
             ECCP1DELbits   0x000f79       data     extern E:\3.46\pic18-lt\cxx-framework\src\traditional\proc\p18f67j60.asm
                  ECCP2AS   0x000f68       data     extern E:\3.46\pic18-lt\cxx-framework\src\traditional\proc\p18f67j60.asm
              ECCP2ASbits   0x000f68       data     extern E:\3.46\pic18-lt\cxx-framework\src\traditional\proc\p18f67j60.asm
                 ECCP2CON   0x000fba       data     extern E:\3.46\pic18-lt\cxx-framework\src\traditional\proc\p18f67j60.asm
             ECCP2CONbits   0x000fba       data     extern E:\3.46\pic18-lt\cxx-framework\src\traditional\proc\p18f67j60.asm
                 ECCP2DEL   0x000f67       data     extern E:\3.46\pic18-lt\cxx-framework\src\traditional\proc\p18f67j60.asm
             ECCP2DELbits   0x000f67       data     extern E:\3.46\pic18-lt\cxx-framework\src\traditional\proc\p18f67j60.asm
                  ECCP3AS   0x000f6a       data     extern E:\3.46\pic18-lt\cxx-framework\src\traditional\proc\p18f67j60.asm
              ECCP3ASbits   0x000f6a       data     extern E:\3.46\pic18-lt\cxx-framework\src\traditional\proc\p18f67j60.asm
                 ECCP3CON   0x000fb7       data     extern E:\3.46\pic18-lt\cxx-framework\src\traditional\proc\p18f67j60.asm
             ECCP3CONbits   0x000fb7       data     extern E:\3.46\pic18-lt\cxx-framework\src\traditional\proc\p18f67j60.asm
                 ECCP3DEL   0x000f69       data     extern E:\3.46\pic18-lt\cxx-framework\src\traditional\proc\p18f67j60.asm
             ECCP3DELbits   0x000f69       data     extern E:\3.46\pic18-lt\cxx-framework\src\traditional\proc\p18f67j60.asm
                    ECON1   0x000fd2       data     extern E:\3.46\pic18-lt\cxx-framework\src\traditional\proc\p18f67j60.asm
                ECON1bits   0x000fd2       data     extern E:\3.46\pic18-lt\cxx-framework\src\traditional\proc\p18f67j60.asm
                    ECON2   0x000efe       data     extern E:\3.46\pic18-lt\cxx-framework\src\traditional\proc\p18f67j60.asm
                ECON2bits   0x000efe       data     extern E:\3.46\pic18-lt\cxx-framework\src\traditional\proc\p18f67j60.asm
                    EDATA   0x000f61       data     extern E:\3.46\pic18-lt\cxx-framework\src\traditional\proc\p18f67j60.asm
                EDATAbits   0x000f61       data     extern E:\3.46\pic18-lt\cxx-framework\src\traditional\proc\p18f67j60.asm
                   EDMACS   0x000ef6       data     extern E:\3.46\pic18-lt\cxx-framework\src\traditional\proc\p18f67j60.asm
                  EDMACSH   0x000ef7       data     extern E:\3.46\pic18-lt\cxx-framework\src\traditional\proc\p18f67j60.asm
                  EDMACSL   0x000ef6       data     extern E:\3.46\pic18-lt\cxx-framework\src\traditional\proc\p18f67j60.asm
                  EDMADST   0x000ef4       data     extern E:\3.46\pic18-lt\cxx-framework\src\traditional\proc\p18f67j60.asm
                 EDMADSTH   0x000ef5       data     extern E:\3.46\pic18-lt\cxx-framework\src\traditional\proc\p18f67j60.asm
                 EDMADSTL   0x000ef4       data     extern E:\3.46\pic18-lt\cxx-framework\src\traditional\proc\p18f67j60.asm
                   EDMAND   0x000ef2       data     extern E:\3.46\pic18-lt\cxx-framework\src\traditional\proc\p18f67j60.asm
                  EDMANDH   0x000ef3       data     extern E:\3.46\pic18-lt\cxx-framework\src\traditional\proc\p18f67j60.asm
                  EDMANDL   0x000ef2       data     extern E:\3.46\pic18-lt\cxx-framework\src\traditional\proc\p18f67j60.asm
                   EDMAST   0x000ef0       data     extern E:\3.46\pic18-lt\cxx-framework\src\traditional\proc\p18f67j60.asm
                  EDMASTH   0x000ef1       data     extern E:\3.46\pic18-lt\cxx-framework\src\traditional\proc\p18f67j60.asm
                  EDMASTL   0x000ef0       data     extern E:\3.46\pic18-lt\cxx-framework\src\traditional\proc\p18f67j60.asm
                   EECON1   0x000fa6       data     extern E:\3.46\pic18-lt\cxx-framework\src\traditional\proc\p18f67j60.asm
               EECON1bits   0x000fa6       data     extern E:\3.46\pic18-lt\cxx-framework\src\traditional\proc\p18f67j60.asm
                   EECON2   0x000fa7       data     extern E:\3.46\pic18-lt\cxx-framework\src\traditional\proc\p18f67j60.asm
                  EFLOCON   0x000e97       data     extern E:\3.46\pic18-lt\cxx-framework\src\traditional\proc\p18f67j60.asm
              EFLOCONbits   0x000e97       data     extern E:\3.46\pic18-lt\cxx-framework\src\traditional\proc\p18f67j60.asm
                     EHT0   0x000ec0       data     extern E:\3.46\pic18-lt\cxx-framework\src\traditional\proc\p18f67j60.asm
                     EHT1   0x000ec1       data     extern E:\3.46\pic18-lt\cxx-framework\src\traditional\proc\p18f67j60.asm
                     EHT2   0x000ec2       data     extern E:\3.46\pic18-lt\cxx-framework\src\traditional\proc\p18f67j60.asm
                     EHT3   0x000ec3       data     extern E:\3.46\pic18-lt\cxx-framework\src\traditional\proc\p18f67j60.asm
                     EHT4   0x000ec4       data     extern E:\3.46\pic18-lt\cxx-framework\src\traditional\proc\p18f67j60.asm
                     EHT5   0x000ec5       data     extern E:\3.46\pic18-lt\cxx-framework\src\traditional\proc\p18f67j60.asm
                     EHT6   0x000ec6       data     extern E:\3.46\pic18-lt\cxx-framework\src\traditional\proc\p18f67j60.asm
                     EHT7   0x000ec7       data     extern E:\3.46\pic18-lt\cxx-framework\src\traditional\proc\p18f67j60.asm
                      EIE   0x000efb       data     extern E:\3.46\pic18-lt\cxx-framework\src\traditional\proc\p18f67j60.asm
                  EIEbits   0x000efb       data     extern E:\3.46\pic18-lt\cxx-framework\src\traditional\proc\p18f67j60.asm
                      EIR   0x000f60       data     extern E:\3.46\pic18-lt\cxx-framework\src\traditional\proc\p18f67j60.asm
                  EIRbits   0x000f60       data     extern E:\3.46\pic18-lt\cxx-framework\src\traditional\proc\p18f67j60.asm
                    EPAUS   0x000e98       data     extern E:\3.46\pic18-lt\cxx-framework\src\traditional\proc\p18f67j60.asm
                   EPAUSH   0x000e99       data     extern E:\3.46\pic18-lt\cxx-framework\src\traditional\proc\p18f67j60.asm
                   EPAUSL   0x000e98       data     extern E:\3.46\pic18-lt\cxx-framework\src\traditional\proc\p18f67j60.asm
                  EPKTCNT   0x000ed9       data     extern E:\3.46\pic18-lt\cxx-framework\src\traditional\proc\p18f67j60.asm
                    EPMCS   0x000ed0       data     extern E:\3.46\pic18-lt\cxx-framework\src\traditional\proc\p18f67j60.asm
                   EPMCSH   0x000ed1       data     extern E:\3.46\pic18-lt\cxx-framework\src\traditional\proc\p18f67j60.asm
                   EPMCSL   0x000ed0       data     extern E:\3.46\pic18-lt\cxx-framework\src\traditional\proc\p18f67j60.asm
                    EPMM0   0x000ec8       data     extern E:\3.46\pic18-lt\cxx-framework\src\traditional\proc\p18f67j60.asm
                    EPMM1   0x000ec9       data     extern E:\3.46\pic18-lt\cxx-framework\src\traditional\proc\p18f67j60.asm
                    EPMM2   0x000eca       data     extern E:\3.46\pic18-lt\cxx-framework\src\traditional\proc\p18f67j60.asm
                    EPMM3   0x000ecb       data     extern E:\3.46\pic18-lt\cxx-framework\src\traditional\proc\p18f67j60.asm
                    EPMM4   0x000ecc       data     extern E:\3.46\pic18-lt\cxx-framework\src\traditional\proc\p18f67j60.asm
                    EPMM5   0x000ecd       data     extern E:\3.46\pic18-lt\cxx-framework\src\traditional\proc\p18f67j60.asm
                    EPMM6   0x000ece       data     extern E:\3.46\pic18-lt\cxx-framework\src\traditional\proc\p18f67j60.asm
                    EPMM7   0x000ecf       data     extern E:\3.46\pic18-lt\cxx-framework\src\traditional\proc\p18f67j60.asm
                     EPMO   0x000ed4       data     extern E:\3.46\pic18-lt\cxx-framework\src\traditional\proc\p18f67j60.asm
                    EPMOH   0x000ed5       data     extern E:\3.46\pic18-lt\cxx-framework\src\traditional\proc\p18f67j60.asm
                    EPMOL   0x000ed4       data     extern E:\3.46\pic18-lt\cxx-framework\src\traditional\proc\p18f67j60.asm
                    ERDPT   0x000f7a       data     extern E:\3.46\pic18-lt\cxx-framework\src\traditional\proc\p18f67j60.asm
                   ERDPTH   0x000f7b       data     extern E:\3.46\pic18-lt\cxx-framework\src\traditional\proc\p18f67j60.asm
                   ERDPTL   0x000f7a       data     extern E:\3.46\pic18-lt\cxx-framework\src\traditional\proc\p18f67j60.asm
                  ERXFCON   0x000ed8       data     extern E:\3.46\pic18-lt\cxx-framework\src\traditional\proc\p18f67j60.asm
              ERXFCONbits   0x000ed8       data     extern E:\3.46\pic18-lt\cxx-framework\src\traditional\proc\p18f67j60.asm
                    ERXND   0x000eea       data     extern E:\3.46\pic18-lt\cxx-framework\src\traditional\proc\p18f67j60.asm
                   ERXNDH   0x000eeb       data     extern E:\3.46\pic18-lt\cxx-framework\src\traditional\proc\p18f67j60.asm
                   ERXNDL   0x000eea       data     extern E:\3.46\pic18-lt\cxx-framework\src\traditional\proc\p18f67j60.asm
                  ERXRDPT   0x000eec       data     extern E:\3.46\pic18-lt\cxx-framework\src\traditional\proc\p18f67j60.asm
                 ERXRDPTH   0x000eed       data     extern E:\3.46\pic18-lt\cxx-framework\src\traditional\proc\p18f67j60.asm
                 ERXRDPTL   0x000eec       data     extern E:\3.46\pic18-lt\cxx-framework\src\traditional\proc\p18f67j60.asm
                    ERXST   0x000ee8       data     extern E:\3.46\pic18-lt\cxx-framework\src\traditional\proc\p18f67j60.asm
                   ERXSTH   0x000ee9       data     extern E:\3.46\pic18-lt\cxx-framework\src\traditional\proc\p18f67j60.asm
                   ERXSTL   0x000ee8       data     extern E:\3.46\pic18-lt\cxx-framework\src\traditional\proc\p18f67j60.asm
                  ERXWRPT   0x000eee       data     extern E:\3.46\pic18-lt\cxx-framework\src\traditional\proc\p18f67j60.asm
                 ERXWRPTH   0x000eef       data     extern E:\3.46\pic18-lt\cxx-framework\src\traditional\proc\p18f67j60.asm
                 ERXWRPTL   0x000eee       data     extern E:\3.46\pic18-lt\cxx-framework\src\traditional\proc\p18f67j60.asm
                    ESTAT   0x000efd       data     extern E:\3.46\pic18-lt\cxx-framework\src\traditional\proc\p18f67j60.asm
                ESTATbits   0x000efd       data     extern E:\3.46\pic18-lt\cxx-framework\src\traditional\proc\p18f67j60.asm
                    ETXND   0x000ee6       data     extern E:\3.46\pic18-lt\cxx-framework\src\traditional\proc\p18f67j60.asm
                   ETXNDH   0x000ee7       data     extern E:\3.46\pic18-lt\cxx-framework\src\traditional\proc\p18f67j60.asm
                   ETXNDL   0x000ee6       data     extern E:\3.46\pic18-lt\cxx-framework\src\traditional\proc\p18f67j60.asm
                    ETXST   0x000ee4       data     extern E:\3.46\pic18-lt\cxx-framework\src\traditional\proc\p18f67j60.asm
                   ETXSTH   0x000ee5       data     extern E:\3.46\pic18-lt\cxx-framework\src\traditional\proc\p18f67j60.asm
                   ETXSTL   0x000ee4       data     extern E:\3.46\pic18-lt\cxx-framework\src\traditional\proc\p18f67j60.asm
                    EWRPT   0x000ee2       data     extern E:\3.46\pic18-lt\cxx-framework\src\traditional\proc\p18f67j60.asm
                   EWRPTH   0x000ee3       data     extern E:\3.46\pic18-lt\cxx-framework\src\traditional\proc\p18f67j60.asm
                   EWRPTL   0x000ee2       data     extern E:\3.46\pic18-lt\cxx-framework\src\traditional\proc\p18f67j60.asm
                     FSR0   0x000fe9       data     extern E:\3.46\pic18-lt\cxx-framework\src\traditional\proc\p18f67j60.asm
                    FSR0H   0x000fea       data     extern E:\3.46\pic18-lt\cxx-framework\src\traditional\proc\p18f67j60.asm
                    FSR0L   0x000fe9       data     extern E:\3.46\pic18-lt\cxx-framework\src\traditional\proc\p18f67j60.asm
                     FSR1   0x000fe1       data     extern E:\3.46\pic18-lt\cxx-framework\src\traditional\proc\p18f67j60.asm
                    FSR1H   0x000fe2       data     extern E:\3.46\pic18-lt\cxx-framework\src\traditional\proc\p18f67j60.asm
                    FSR1L   0x000fe1       data     extern E:\3.46\pic18-lt\cxx-framework\src\traditional\proc\p18f67j60.asm
                     FSR2   0x000fd9       data     extern E:\3.46\pic18-lt\cxx-framework\src\traditional\proc\p18f67j60.asm
                    FSR2H   0x000fda       data     extern E:\3.46\pic18-lt\cxx-framework\src\traditional\proc\p18f67j60.asm
                    FSR2L   0x000fd9       data     extern E:\3.46\pic18-lt\cxx-framework\src\traditional\proc\p18f67j60.asm
                    INDF0   0x000fef       data     extern E:\3.46\pic18-lt\cxx-framework\src\traditional\proc\p18f67j60.asm
                    INDF1   0x000fe7       data     extern E:\3.46\pic18-lt\cxx-framework\src\traditional\proc\p18f67j60.asm
                    INDF2   0x000fdf       data     extern E:\3.46\pic18-lt\cxx-framework\src\traditional\proc\p18f67j60.asm
                   INTCON   0x000ff2       data     extern E:\3.46\pic18-lt\cxx-framework\src\traditional\proc\p18f67j60.asm
                  INTCON2   0x000ff1       data     extern E:\3.46\pic18-lt\cxx-framework\src\traditional\proc\p18f67j60.asm
              INTCON2bits   0x000ff1       data     extern E:\3.46\pic18-lt\cxx-framework\src\traditional\proc\p18f67j60.asm
                  INTCON3   0x000ff0       data     extern E:\3.46\pic18-lt\cxx-framework\src\traditional\proc\p18f67j60.asm
              INTCON3bits   0x000ff0       data     extern E:\3.46\pic18-lt\cxx-framework\src\traditional\proc\p18f67j60.asm
               INTCONbits   0x000ff2       data     extern E:\3.46\pic18-lt\cxx-framework\src\traditional\proc\p18f67j60.asm
                     IPR1   0x000f9f       data     extern E:\3.46\pic18-lt\cxx-framework\src\traditional\proc\p18f67j60.asm
                 IPR1bits   0x000f9f       data     extern E:\3.46\pic18-lt\cxx-framework\src\traditional\proc\p18f67j60.asm
                     IPR2   0x000fa2       data     extern E:\3.46\pic18-lt\cxx-framework\src\traditional\proc\p18f67j60.asm
                 IPR2bits   0x000fa2       data     extern E:\3.46\pic18-lt\cxx-framework\src\traditional\proc\p18f67j60.asm
                     IPR3   0x000fa5       data     extern E:\3.46\pic18-lt\cxx-framework\src\traditional\proc\p18f67j60.asm
                 IPR3bits   0x000fa5       data     extern E:\3.46\pic18-lt\cxx-framework\src\traditional\proc\p18f67j60.asm
                     LATA   0x000f89       data     extern E:\3.46\pic18-lt\cxx-framework\src\traditional\proc\p18f67j60.asm
                 LATAbits   0x000f89       data     extern E:\3.46\pic18-lt\cxx-framework\src\traditional\proc\p18f67j60.asm
                     LATB   0x000f8a       data     extern E:\3.46\pic18-lt\cxx-framework\src\traditional\proc\p18f67j60.asm
                 LATBbits   0x000f8a       data     extern E:\3.46\pic18-lt\cxx-framework\src\traditional\proc\p18f67j60.asm
                     LATC   0x000f8b       data     extern E:\3.46\pic18-lt\cxx-framework\src\traditional\proc\p18f67j60.asm
                 LATCbits   0x000f8b       data     extern E:\3.46\pic18-lt\cxx-framework\src\traditional\proc\p18f67j60.asm
                     LATD   0x000f8c       data     extern E:\3.46\pic18-lt\cxx-framework\src\traditional\proc\p18f67j60.asm
                 LATDbits   0x000f8c       data     extern E:\3.46\pic18-lt\cxx-framework\src\traditional\proc\p18f67j60.asm
                     LATE   0x000f8d       data     extern E:\3.46\pic18-lt\cxx-framework\src\traditional\proc\p18f67j60.asm
                 LATEbits   0x000f8d       data     extern E:\3.46\pic18-lt\cxx-framework\src\traditional\proc\p18f67j60.asm
                     LATF   0x000f8e       data     extern E:\3.46\pic18-lt\cxx-framework\src\traditional\proc\p18f67j60.asm
                 LATFbits   0x000f8e       data     extern E:\3.46\pic18-lt\cxx-framework\src\traditional\proc\p18f67j60.asm
                     LATG   0x000f8f       data     extern E:\3.46\pic18-lt\cxx-framework\src\traditional\proc\p18f67j60.asm
                 LATGbits   0x000f8f       data     extern E:\3.46\pic18-lt\cxx-framework\src\traditional\proc\p18f67j60.asm
                   MAADR1   0x000e84       data     extern E:\3.46\pic18-lt\cxx-framework\src\traditional\proc\p18f67j60.asm
                   MAADR2   0x000e85       data     extern E:\3.46\pic18-lt\cxx-framework\src\traditional\proc\p18f67j60.asm
                   MAADR3   0x000e82       data     extern E:\3.46\pic18-lt\cxx-framework\src\traditional\proc\p18f67j60.asm
                   MAADR4   0x000e83       data     extern E:\3.46\pic18-lt\cxx-framework\src\traditional\proc\p18f67j60.asm
                   MAADR5   0x000e80       data     extern E:\3.46\pic18-lt\cxx-framework\src\traditional\proc\p18f67j60.asm
                   MAADR6   0x000e81       data     extern E:\3.46\pic18-lt\cxx-framework\src\traditional\proc\p18f67j60.asm
                  MABBIPG   0x000ea4       data     extern E:\3.46\pic18-lt\cxx-framework\src\traditional\proc\p18f67j60.asm
              MABBIPGbits   0x000ea4       data     extern E:\3.46\pic18-lt\cxx-framework\src\traditional\proc\p18f67j60.asm
                   MACON1   0x000ea0       data     extern E:\3.46\pic18-lt\cxx-framework\src\traditional\proc\p18f67j60.asm
               MACON1bits   0x000ea0       data     extern E:\3.46\pic18-lt\cxx-framework\src\traditional\proc\p18f67j60.asm
                   MACON3   0x000ea2       data     extern E:\3.46\pic18-lt\cxx-framework\src\traditional\proc\p18f67j60.asm
               MACON3bits   0x000ea2       data     extern E:\3.46\pic18-lt\cxx-framework\src\traditional\proc\p18f67j60.asm
                   MACON4   0x000ea3       data     extern E:\3.46\pic18-lt\cxx-framework\src\traditional\proc\p18f67j60.asm
               MACON4bits   0x000ea3       data     extern E:\3.46\pic18-lt\cxx-framework\src\traditional\proc\p18f67j60.asm
                    MAIPG   0x000ea6       data     extern E:\3.46\pic18-lt\cxx-framework\src\traditional\proc\p18f67j60.asm
                   MAIPGH   0x000ea7       data     extern E:\3.46\pic18-lt\cxx-framework\src\traditional\proc\p18f67j60.asm
                   MAIPGL   0x000ea6       data     extern E:\3.46\pic18-lt\cxx-framework\src\traditional\proc\p18f67j60.asm
                   MAMXFL   0x000eaa       data     extern E:\3.46\pic18-lt\cxx-framework\src\traditional\proc\p18f67j60.asm
                  MAMXFLH   0x000eab       data     extern E:\3.46\pic18-lt\cxx-framework\src\traditional\proc\p18f67j60.asm
                  MAMXFLL   0x000eaa       data     extern E:\3.46\pic18-lt\cxx-framework\src\traditional\proc\p18f67j60.asm
                    MICMD   0x000eb2       data     extern E:\3.46\pic18-lt\cxx-framework\src\traditional\proc\p18f67j60.asm
                MICMDbits   0x000eb2       data     extern E:\3.46\pic18-lt\cxx-framework\src\traditional\proc\p18f67j60.asm
                     MIRD   0x000eb8       data     extern E:\3.46\pic18-lt\cxx-framework\src\traditional\proc\p18f67j60.asm
                    MIRDH   0x000eb9       data     extern E:\3.46\pic18-lt\cxx-framework\src\traditional\proc\p18f67j60.asm
                    MIRDL   0x000eb8       data     extern E:\3.46\pic18-lt\cxx-framework\src\traditional\proc\p18f67j60.asm
                 MIREGADR   0x000eb4       data     extern E:\3.46\pic18-lt\cxx-framework\src\traditional\proc\p18f67j60.asm
                   MISTAT   0x000e8a       data     extern E:\3.46\pic18-lt\cxx-framework\src\traditional\proc\p18f67j60.asm
               MISTATbits   0x000e8a       data     extern E:\3.46\pic18-lt\cxx-framework\src\traditional\proc\p18f67j60.asm
                     MIWR   0x000eb6       data     extern E:\3.46\pic18-lt\cxx-framework\src\traditional\proc\p18f67j60.asm
                    MIWRH   0x000eb7       data     extern E:\3.46\pic18-lt\cxx-framework\src\traditional\proc\p18f67j60.asm
                    MIWRL   0x000eb6       data     extern E:\3.46\pic18-lt\cxx-framework\src\traditional\proc\p18f67j60.asm
                   OSCCON   0x000fd3       data     extern E:\3.46\pic18-lt\cxx-framework\src\traditional\proc\p18f67j60.asm
               OSCCONbits   0x000fd3       data     extern E:\3.46\pic18-lt\cxx-framework\src\traditional\proc\p18f67j60.asm
                  OSCTUNE   0x000f9b       data     extern E:\3.46\pic18-lt\cxx-framework\src\traditional\proc\p18f67j60.asm
              OSCTUNEbits   0x000f9b       data     extern E:\3.46\pic18-lt\cxx-framework\src\traditional\proc\p18f67j60.asm
                       PC   0x000ff9       data     extern E:\3.46\pic18-lt\cxx-framework\src\traditional\proc\p18f67j60.asm
                      PCL   0x000ff9       data     extern E:\3.46\pic18-lt\cxx-framework\src\traditional\proc\p18f67j60.asm
                   PCLATH   0x000ffa       data     extern E:\3.46\pic18-lt\cxx-framework\src\traditional\proc\p18f67j60.asm
                   PCLATU   0x000ffb       data     extern E:\3.46\pic18-lt\cxx-framework\src\traditional\proc\p18f67j60.asm
                     PIE1   0x000f9d       data     extern E:\3.46\pic18-lt\cxx-framework\src\traditional\proc\p18f67j60.asm
                 PIE1bits   0x000f9d       data     extern E:\3.46\pic18-lt\cxx-framework\src\traditional\proc\p18f67j60.asm
                     PIE2   0x000fa0       data     extern E:\3.46\pic18-lt\cxx-framework\src\traditional\proc\p18f67j60.asm
                 PIE2bits   0x000fa0       data     extern E:\3.46\pic18-lt\cxx-framework\src\traditional\proc\p18f67j60.asm
                     PIE3   0x000fa3       data     extern E:\3.46\pic18-lt\cxx-framework\src\traditional\proc\p18f67j60.asm
                 PIE3bits   0x000fa3       data     extern E:\3.46\pic18-lt\cxx-framework\src\traditional\proc\p18f67j60.asm
                     PIR1   0x000f9e       data     extern E:\3.46\pic18-lt\cxx-framework\src\traditional\proc\p18f67j60.asm
                 PIR1bits   0x000f9e       data     extern E:\3.46\pic18-lt\cxx-framework\src\traditional\proc\p18f67j60.asm
                     PIR2   0x000fa1       data     extern E:\3.46\pic18-lt\cxx-framework\src\traditional\proc\p18f67j60.asm
                 PIR2bits   0x000fa1       data     extern E:\3.46\pic18-lt\cxx-framework\src\traditional\proc\p18f67j60.asm
                     PIR3   0x000fa4       data     extern E:\3.46\pic18-lt\cxx-framework\src\traditional\proc\p18f67j60.asm
                 PIR3bits   0x000fa4       data     extern E:\3.46\pic18-lt\cxx-framework\src\traditional\proc\p18f67j60.asm
                   PLUSW0   0x000feb       data     extern E:\3.46\pic18-lt\cxx-framework\src\traditional\proc\p18f67j60.asm
                   PLUSW1   0x000fe3       data     extern E:\3.46\pic18-lt\cxx-framework\src\traditional\proc\p18f67j60.asm
                   PLUSW2   0x000fdb       data     extern E:\3.46\pic18-lt\cxx-framework\src\traditional\proc\p18f67j60.asm
                    PORTA   0x000f80       data     extern E:\3.46\pic18-lt\cxx-framework\src\traditional\proc\p18f67j60.asm
                PORTAbits   0x000f80       data     extern E:\3.46\pic18-lt\cxx-framework\src\traditional\proc\p18f67j60.asm
                    PORTB   0x000f81       data     extern E:\3.46\pic18-lt\cxx-framework\src\traditional\proc\p18f67j60.asm
                PORTBbits   0x000f81       data     extern E:\3.46\pic18-lt\cxx-framework\src\traditional\proc\p18f67j60.asm
                    PORTC   0x000f82       data     extern E:\3.46\pic18-lt\cxx-framework\src\traditional\proc\p18f67j60.asm
                PORTCbits   0x000f82       data     extern E:\3.46\pic18-lt\cxx-framework\src\traditional\proc\p18f67j60.asm
                    PORTD   0x000f83       data     extern E:\3.46\pic18-lt\cxx-framework\src\traditional\proc\p18f67j60.asm
                PORTDbits   0x000f83       data     extern E:\3.46\pic18-lt\cxx-framework\src\traditional\proc\p18f67j60.asm
                    PORTE   0x000f84       data     extern E:\3.46\pic18-lt\cxx-framework\src\traditional\proc\p18f67j60.asm
                PORTEbits   0x000f84       data     extern E:\3.46\pic18-lt\cxx-framework\src\traditional\proc\p18f67j60.asm
                    PORTF   0x000f85       data     extern E:\3.46\pic18-lt\cxx-framework\src\traditional\proc\p18f67j60.asm
                PORTFbits   0x000f85       data     extern E:\3.46\pic18-lt\cxx-framework\src\traditional\proc\p18f67j60.asm
                    PORTG   0x000f86       data     extern E:\3.46\pic18-lt\cxx-framework\src\traditional\proc\p18f67j60.asm
                PORTGbits   0x000f86       data     extern E:\3.46\pic18-lt\cxx-framework\src\traditional\proc\p18f67j60.asm
                 POSTDEC0   0x000fed       data     extern E:\3.46\pic18-lt\cxx-framework\src\traditional\proc\p18f67j60.asm
                 POSTDEC1   0x000fe5       data     extern E:\3.46\pic18-lt\cxx-framework\src\traditional\proc\p18f67j60.asm
                 POSTDEC2   0x000fdd       data     extern E:\3.46\pic18-lt\cxx-framework\src\traditional\proc\p18f67j60.asm
                 POSTINC0   0x000fee       data     extern E:\3.46\pic18-lt\cxx-framework\src\traditional\proc\p18f67j60.asm
                 POSTINC1   0x000fe6       data     extern E:\3.46\pic18-lt\cxx-framework\src\traditional\proc\p18f67j60.asm
                 POSTINC2   0x000fde       data     extern E:\3.46\pic18-lt\cxx-framework\src\traditional\proc\p18f67j60.asm
                      PR2   0x000fcb       data     extern E:\3.46\pic18-lt\cxx-framework\src\traditional\proc\p18f67j60.asm
                      PR4   0x000f77       data     extern E:\3.46\pic18-lt\cxx-framework\src\traditional\proc\p18f67j60.asm
                  PREINC0   0x000fec       data     extern E:\3.46\pic18-lt\cxx-framework\src\traditional\proc\p18f67j60.asm
                  PREINC1   0x000fe4       data     extern E:\3.46\pic18-lt\cxx-framework\src\traditional\proc\p18f67j60.asm
                  PREINC2   0x000fdc       data     extern E:\3.46\pic18-lt\cxx-framework\src\traditional\proc\p18f67j60.asm
                     PROD   0x000ff3       data     extern E:\3.46\pic18-lt\cxx-framework\src\traditional\proc\p18f67j60.asm
                    PRODH   0x000ff4       data     extern E:\3.46\pic18-lt\cxx-framework\src\traditional\proc\p18f67j60.asm
                    PRODL   0x000ff3       data     extern E:\3.46\pic18-lt\cxx-framework\src\traditional\proc\p18f67j60.asm
                     RCON   0x000fd0       data     extern E:\3.46\pic18-lt\cxx-framework\src\traditional\proc\p18f67j60.asm
                 RCONbits   0x000fd0       data     extern E:\3.46\pic18-lt\cxx-framework\src\traditional\proc\p18f67j60.asm
                    RCREG   0x000fae       data     extern E:\3.46\pic18-lt\cxx-framework\src\traditional\proc\p18f67j60.asm
                   RCREG1   0x000fae       data     extern E:\3.46\pic18-lt\cxx-framework\src\traditional\proc\p18f67j60.asm
                    RCSTA   0x000fab       data     extern E:\3.46\pic18-lt\cxx-framework\src\traditional\proc\p18f67j60.asm
                   RCSTA1   0x000fab       data     extern E:\3.46\pic18-lt\cxx-framework\src\traditional\proc\p18f67j60.asm
               RCSTA1bits   0x000fab       data     extern E:\3.46\pic18-lt\cxx-framework\src\traditional\proc\p18f67j60.asm
                RCSTAbits   0x000fab       data     extern E:\3.46\pic18-lt\cxx-framework\src\traditional\proc\p18f67j60.asm
                     SIGN   0x000000       data     extern E:\3.46\pic18-lt\cxx-framework\src\traditional\math\cmath18.asm
                    SPBRG   0x000faf       data     extern E:\3.46\pic18-lt\cxx-framework\src\traditional\proc\p18f67j60.asm
                   SPBRG1   0x000faf       data     extern E:\3.46\pic18-lt\cxx-framework\src\traditional\proc\p18f67j60.asm
                   SPBRGH   0x000f7f       data     extern E:\3.46\pic18-lt\cxx-framework\src\traditional\proc\p18f67j60.asm
                  SPBRGH1   0x000f7f       data     extern E:\3.46\pic18-lt\cxx-framework\src\traditional\proc\p18f67j60.asm
                  SSP1ADD   0x000fc8       data     extern E:\3.46\pic18-lt\cxx-framework\src\traditional\proc\p18f67j60.asm
                  SSP1BUF   0x000fc9       data     extern E:\3.46\pic18-lt\cxx-framework\src\traditional\proc\p18f67j60.asm
                 SSP1CON1   0x000fc6       data     extern E:\3.46\pic18-lt\cxx-framework\src\traditional\proc\p18f67j60.asm
             SSP1CON1bits   0x000fc6       data     extern E:\3.46\pic18-lt\cxx-framework\src\traditional\proc\p18f67j60.asm
                 SSP1CON2   0x000fc5       data     extern E:\3.46\pic18-lt\cxx-framework\src\traditional\proc\p18f67j60.asm
             SSP1CON2bits   0x000fc5       data     extern E:\3.46\pic18-lt\cxx-framework\src\traditional\proc\p18f67j60.asm
                 SSP1STAT   0x000fc7       data     extern E:\3.46\pic18-lt\cxx-framework\src\traditional\proc\p18f67j60.asm
             SSP1STATbits   0x000fc7       data     extern E:\3.46\pic18-lt\cxx-framework\src\traditional\proc\p18f67j60.asm
                   SSPADD   0x000fc8       data     extern E:\3.46\pic18-lt\cxx-framework\src\traditional\proc\p18f67j60.asm
                   SSPBUF   0x000fc9       data     extern E:\3.46\pic18-lt\cxx-framework\src\traditional\proc\p18f67j60.asm
                  SSPCON1   0x000fc6       data     extern E:\3.46\pic18-lt\cxx-framework\src\traditional\proc\p18f67j60.asm
              SSPCON1bits   0x000fc6       data     extern E:\3.46\pic18-lt\cxx-framework\src\traditional\proc\p18f67j60.asm
                  SSPCON2   0x000fc5       data     extern E:\3.46\pic18-lt\cxx-framework\src\traditional\proc\p18f67j60.asm
              SSPCON2bits   0x000fc5       data     extern E:\3.46\pic18-lt\cxx-framework\src\traditional\proc\p18f67j60.asm
                  SSPSTAT   0x000fc7       data     extern E:\3.46\pic18-lt\cxx-framework\src\traditional\proc\p18f67j60.asm
              SSPSTATbits   0x000fc7       data     extern E:\3.46\pic18-lt\cxx-framework\src\traditional\proc\p18f67j60.asm
                   STATUS   0x000fd8       data     extern E:\3.46\pic18-lt\cxx-framework\src\traditional\proc\p18f67j60.asm
               STATUSbits   0x000fd8       data     extern E:\3.46\pic18-lt\cxx-framework\src\traditional\proc\p18f67j60.asm
                   STKPTR   0x000ffc       data     extern E:\3.46\pic18-lt\cxx-framework\src\traditional\proc\p18f67j60.asm
               STKPTRbits   0x000ffc       data     extern E:\3.46\pic18-lt\cxx-framework\src\traditional\proc\p18f67j60.asm
                    T0CON   0x000fd5       data     extern E:\3.46\pic18-lt\cxx-framework\src\traditional\proc\p18f67j60.asm
                T0CONbits   0x000fd5       data     extern E:\3.46\pic18-lt\cxx-framework\src\traditional\proc\p18f67j60.asm
                    T1CON   0x000fcd       data     extern E:\3.46\pic18-lt\cxx-framework\src\traditional\proc\p18f67j60.asm
                T1CONbits   0x000fcd       data     extern E:\3.46\pic18-lt\cxx-framework\src\traditional\proc\p18f67j60.asm
                    T2CON   0x000fca       data     extern E:\3.46\pic18-lt\cxx-framework\src\traditional\proc\p18f67j60.asm
                T2CONbits   0x000fca       data     extern E:\3.46\pic18-lt\cxx-framework\src\traditional\proc\p18f67j60.asm
                    T3CON   0x000fb1       data     extern E:\3.46\pic18-lt\cxx-framework\src\traditional\proc\p18f67j60.asm
                T3CONbits   0x000fb1       data     extern E:\3.46\pic18-lt\cxx-framework\src\traditional\proc\p18f67j60.asm
                    T4CON   0x000f76       data     extern E:\3.46\pic18-lt\cxx-framework\src\traditional\proc\p18f67j60.asm
                T4CONbits   0x000f76       data     extern E:\3.46\pic18-lt\cxx-framework\src\traditional\proc\p18f67j60.asm
                   TABLAT   0x000ff5       data     extern E:\3.46\pic18-lt\cxx-framework\src\traditional\proc\p18f67j60.asm
                   TBLPTR   0x000ff6       data     extern E:\3.46\pic18-lt\cxx-framework\src\traditional\proc\p18f67j60.asm
                  TBLPTRH   0x000ff7       data     extern E:\3.46\pic18-lt\cxx-framework\src\traditional\proc\p18f67j60.asm
                  TBLPTRL   0x000ff6       data     extern E:\3.46\pic18-lt\cxx-framework\src\traditional\proc\p18f67j60.asm
                  TBLPTRU   0x000ff8       data     extern E:\3.46\pic18-lt\cxx-framework\src\traditional\proc\p18f67j60.asm
                    TMR0H   0x000fd7       data     extern E:\3.46\pic18-lt\cxx-framework\src\traditional\proc\p18f67j60.asm
                    TMR0L   0x000fd6       data     extern E:\3.46\pic18-lt\cxx-framework\src\traditional\proc\p18f67j60.asm
                    TMR1H   0x000fcf       data     extern E:\3.46\pic18-lt\cxx-framework\src\traditional\proc\p18f67j60.asm
                    TMR1L   0x000fce       data     extern E:\3.46\pic18-lt\cxx-framework\src\traditional\proc\p18f67j60.asm
                     TMR2   0x000fcc       data     extern E:\3.46\pic18-lt\cxx-framework\src\traditional\proc\p18f67j60.asm
                    TMR3H   0x000fb3       data     extern E:\3.46\pic18-lt\cxx-framework\src\traditional\proc\p18f67j60.asm
                    TMR3L   0x000fb2       data     extern E:\3.46\pic18-lt\cxx-framework\src\traditional\proc\p18f67j60.asm
                     TMR4   0x000f78       data     extern E:\3.46\pic18-lt\cxx-framework\src\traditional\proc\p18f67j60.asm
                      TOS   0x000ffd       data     extern E:\3.46\pic18-lt\cxx-framework\src\traditional\proc\p18f67j60.asm
                     TOSH   0x000ffe       data     extern E:\3.46\pic18-lt\cxx-framework\src\traditional\proc\p18f67j60.asm
                     TOSL   0x000ffd       data     extern E:\3.46\pic18-lt\cxx-framework\src\traditional\proc\p18f67j60.asm
                     TOSU   0x000fff       data     extern E:\3.46\pic18-lt\cxx-framework\src\traditional\proc\p18f67j60.asm
                    TRISA   0x000f92       data     extern E:\3.46\pic18-lt\cxx-framework\src\traditional\proc\p18f67j60.asm
                TRISAbits   0x000f92       data     extern E:\3.46\pic18-lt\cxx-framework\src\traditional\proc\p18f67j60.asm
                    TRISB   0x000f93       data     extern E:\3.46\pic18-lt\cxx-framework\src\traditional\proc\p18f67j60.asm
                TRISBbits   0x000f93       data     extern E:\3.46\pic18-lt\cxx-framework\src\traditional\proc\p18f67j60.asm
                    TRISC   0x000f94       data     extern E:\3.46\pic18-lt\cxx-framework\src\traditional\proc\p18f67j60.asm
                TRISCbits   0x000f94       data     extern E:\3.46\pic18-lt\cxx-framework\src\traditional\proc\p18f67j60.asm
                    TRISD   0x000f95       data     extern E:\3.46\pic18-lt\cxx-framework\src\traditional\proc\p18f67j60.asm
                TRISDbits   0x000f95       data     extern E:\3.46\pic18-lt\cxx-framework\src\traditional\proc\p18f67j60.asm
                    TRISE   0x000f96       data     extern E:\3.46\pic18-lt\cxx-framework\src\traditional\proc\p18f67j60.asm
                TRISEbits   0x000f96       data     extern E:\3.46\pic18-lt\cxx-framework\src\traditional\proc\p18f67j60.asm
                    TRISF   0x000f97       data     extern E:\3.46\pic18-lt\cxx-framework\src\traditional\proc\p18f67j60.asm
                TRISFbits   0x000f97       data     extern E:\3.46\pic18-lt\cxx-framework\src\traditional\proc\p18f67j60.asm
                    TRISG   0x000f98       data     extern E:\3.46\pic18-lt\cxx-framework\src\traditional\proc\p18f67j60.asm
                TRISGbits   0x000f98       data     extern E:\3.46\pic18-lt\cxx-framework\src\traditional\proc\p18f67j60.asm
                    TXREG   0x000fad       data     extern E:\3.46\pic18-lt\cxx-framework\src\traditional\proc\p18f67j60.asm
                   TXREG1   0x000fad       data     extern E:\3.46\pic18-lt\cxx-framework\src\traditional\proc\p18f67j60.asm
                    TXSTA   0x000fac       data     extern E:\3.46\pic18-lt\cxx-framework\src\traditional\proc\p18f67j60.asm
                   TXSTA1   0x000fac       data     extern E:\3.46\pic18-lt\cxx-framework\src\traditional\proc\p18f67j60.asm
               TXSTA1bits   0x000fac       data     extern E:\3.46\pic18-lt\cxx-framework\src\traditional\proc\p18f67j60.asm
                TXSTAbits   0x000fac       data     extern E:\3.46\pic18-lt\cxx-framework\src\traditional\proc\p18f67j60.asm
                   WDTCON   0x000fd1       data     extern E:\3.46\pic18-lt\cxx-framework\src\traditional\proc\p18f67j60.asm
               WDTCONbits   0x000fd1       data     extern E:\3.46\pic18-lt\cxx-framework\src\traditional\proc\p18f67j60.asm
                     WREG   0x000fe8       data     extern E:\3.46\pic18-lt\cxx-framework\src\traditional\proc\p18f67j60.asm
                __FPFLAGS   0x000001       data     extern E:\3.46\pic18-lt\cxx-framework\src\traditional\math\cmath18.asm
            __FPFLAGSbits   0x000001       data     extern E:\3.46\pic18-lt\cxx-framework\src\traditional\math\cmath18.asm
                curr_byte   0x000f03       data     static E:\3.46\pic18-lt\cxx-framework\src\traditional\startup\c018i.c
               curr_entry   0x000f05       data     static E:\3.46\pic18-lt\cxx-framework\src\traditional\startup\c018i.c
                 data_ptr   0x000f07       data     static E:\3.46\pic18-lt\cxx-framework\src\traditional\startup\c018i.c
                     prom   0x000f00       data     static E:\3.46\pic18-lt\cxx-framework\src\traditional\startup\c018i.c



                              Symbols - Sorted by Address
                     Name    Address   Location    Storage File                     
                ---------  ---------  ---------  --------- ---------                
                   _entry   0x000000    program     extern E:\3.46\pic18-lt\cxx-framework\src\traditional\startup\c018i.c
       ___return_lbl00000   0x000004    program     static                          
               HighVector   0x000008    program     extern D:\Mes documents\CLIBASE\R&D\CLIBASE V6\Archives Prog\Prog FW vierge pour base dév\Prog\MPLAB.X\sources\main.c
       ___return_lbl00003   0x00000c    program     static                          
                LowVector   0x000018    program     extern D:\Mes documents\CLIBASE\R&D\CLIBASE V6\Archives Prog\Prog FW vierge pour base dév\Prog\MPLAB.X\sources\main.c
       ___return_lbl00002   0x00001c    program     static                          
                _do_cinit   0x01fc02    program     extern E:\3.46\pic18-lt\cxx-framework\src\traditional\startup\c018i.c
                     test   0x01fc1c    program     static                          
                copy_loop   0x01fc74    program     static                          
            copy_one_byte   0x01fc7a    program     static                          
             done_copying   0x01fc88    program     static                          
       ___return_lbl00002   0x01fc9e    program     static                          
                     done   0x01fc9e    program     static                          
                   LowISR   0x01fca0    program     extern D:\Mes documents\CLIBASE\R&D\CLIBASE V6\Archives Prog\Prog FW vierge pour base dév\Prog\MPLAB.X\sources\main.c
                  HighISR   0x01fcb8    program     extern D:\Mes documents\CLIBASE\R&D\CLIBASE V6\Archives Prog\Prog FW vierge pour base dév\Prog\MPLAB.X\sources\main.c
                     main   0x01fcbc    program     extern D:\Mes documents\CLIBASE\R&D\CLIBASE V6\Archives Prog\Prog FW vierge pour base dév\Prog\MPLAB.X\sources\main.c
            init_generale   0x01fcdc    program     extern D:\Mes documents\CLIBASE\R&D\CLIBASE V6\Archives Prog\Prog FW vierge pour base dév\Prog\MPLAB.X\sources\main.c
                   __pa_0   0x01fcf0    program     static D:\Mes documents\CLIBASE\R&D\CLIBASE V6\Archives Prog\Prog FW vierge pour base dév\Prog\MPLAB.X\sources\main.c
            __zero_memory   0x01fcfe    program     extern E:\3.46\pic18-lt\cxx-framework\src\traditional\proc\p18f67j60.asm
                   loop_h   0x01fd18    program     static E:\3.46\pic18-lt\cxx-framework\src\traditional\proc\p18f67j60.asm
               zero_block   0x01fd18    program     static E:\3.46\pic18-lt\cxx-framework\src\traditional\proc\p18f67j60.asm
                compare_l   0x01fd20    program     static E:\3.46\pic18-lt\cxx-framework\src\traditional\proc\p18f67j60.asm
                   loop_l   0x01fd22    program     static E:\3.46\pic18-lt\cxx-framework\src\traditional\proc\p18f67j60.asm
                 _startup   0x01fd2a    program     extern E:\3.46\pic18-lt\cxx-framework\src\traditional\startup\c018i.c
                     loop   0x01fd3a    program     static                          
       ___return_lbl00001   0x01fd44    program     static                          
                   __init   0x01fd46    program     extern E:\3.46\pic18-lt\cxx-framework\src\traditional\stdclib\__init.c
               __config_0   0x01fff8    program     static D:\Mes documents\CLIBASE\R&D\CLIBASE V6\Archives Prog\Prog FW vierge pour base dév\Prog\MPLAB.X\sources\main.c
               __config_1   0x01fff9    program     static D:\Mes documents\CLIBASE\R&D\CLIBASE V6\Archives Prog\Prog FW vierge pour base dév\Prog\MPLAB.X\sources\main.c
               __config_2   0x01fffa    program     static D:\Mes documents\CLIBASE\R&D\CLIBASE V6\Archives Prog\Prog FW vierge pour base dév\Prog\MPLAB.X\sources\main.c
               __config_3   0x01fffd    program     static D:\Mes documents\CLIBASE\R&D\CLIBASE V6\Archives Prog\Prog FW vierge pour base dév\Prog\MPLAB.X\sources\main.c
                     SIGN   0x000000       data     extern E:\3.46\pic18-lt\cxx-framework\src\traditional\math\cmath18.asm
            __FPFLAGSbits   0x000001       data     extern E:\3.46\pic18-lt\cxx-framework\src\traditional\math\cmath18.asm
                __FPFLAGS   0x000001       data     extern E:\3.46\pic18-lt\cxx-framework\src\traditional\math\cmath18.asm
                   MAADR5   0x000e80       data     extern E:\3.46\pic18-lt\cxx-framework\src\traditional\proc\p18f67j60.asm
                   MAADR6   0x000e81       data     extern E:\3.46\pic18-lt\cxx-framework\src\traditional\proc\p18f67j60.asm
                   MAADR3   0x000e82       data     extern E:\3.46\pic18-lt\cxx-framework\src\traditional\proc\p18f67j60.asm
                   MAADR4   0x000e83       data     extern E:\3.46\pic18-lt\cxx-framework\src\traditional\proc\p18f67j60.asm
                   MAADR1   0x000e84       data     extern E:\3.46\pic18-lt\cxx-framework\src\traditional\proc\p18f67j60.asm
                   MAADR2   0x000e85       data     extern E:\3.46\pic18-lt\cxx-framework\src\traditional\proc\p18f67j60.asm
                   MISTAT   0x000e8a       data     extern E:\3.46\pic18-lt\cxx-framework\src\traditional\proc\p18f67j60.asm
               MISTATbits   0x000e8a       data     extern E:\3.46\pic18-lt\cxx-framework\src\traditional\proc\p18f67j60.asm
              EFLOCONbits   0x000e97       data     extern E:\3.46\pic18-lt\cxx-framework\src\traditional\proc\p18f67j60.asm
                  EFLOCON   0x000e97       data     extern E:\3.46\pic18-lt\cxx-framework\src\traditional\proc\p18f67j60.asm
                    EPAUS   0x000e98       data     extern E:\3.46\pic18-lt\cxx-framework\src\traditional\proc\p18f67j60.asm
                   EPAUSL   0x000e98       data     extern E:\3.46\pic18-lt\cxx-framework\src\traditional\proc\p18f67j60.asm
                   EPAUSH   0x000e99       data     extern E:\3.46\pic18-lt\cxx-framework\src\traditional\proc\p18f67j60.asm
                   MACON1   0x000ea0       data     extern E:\3.46\pic18-lt\cxx-framework\src\traditional\proc\p18f67j60.asm
               MACON1bits   0x000ea0       data     extern E:\3.46\pic18-lt\cxx-framework\src\traditional\proc\p18f67j60.asm
                   MACON3   0x000ea2       data     extern E:\3.46\pic18-lt\cxx-framework\src\traditional\proc\p18f67j60.asm
               MACON3bits   0x000ea2       data     extern E:\3.46\pic18-lt\cxx-framework\src\traditional\proc\p18f67j60.asm
                   MACON4   0x000ea3       data     extern E:\3.46\pic18-lt\cxx-framework\src\traditional\proc\p18f67j60.asm
               MACON4bits   0x000ea3       data     extern E:\3.46\pic18-lt\cxx-framework\src\traditional\proc\p18f67j60.asm
              MABBIPGbits   0x000ea4       data     extern E:\3.46\pic18-lt\cxx-framework\src\traditional\proc\p18f67j60.asm
                  MABBIPG   0x000ea4       data     extern E:\3.46\pic18-lt\cxx-framework\src\traditional\proc\p18f67j60.asm
                   MAIPGL   0x000ea6       data     extern E:\3.46\pic18-lt\cxx-framework\src\traditional\proc\p18f67j60.asm
                    MAIPG   0x000ea6       data     extern E:\3.46\pic18-lt\cxx-framework\src\traditional\proc\p18f67j60.asm
                   MAIPGH   0x000ea7       data     extern E:\3.46\pic18-lt\cxx-framework\src\traditional\proc\p18f67j60.asm
                   MAMXFL   0x000eaa       data     extern E:\3.46\pic18-lt\cxx-framework\src\traditional\proc\p18f67j60.asm
                  MAMXFLL   0x000eaa       data     extern E:\3.46\pic18-lt\cxx-framework\src\traditional\proc\p18f67j60.asm
                  MAMXFLH   0x000eab       data     extern E:\3.46\pic18-lt\cxx-framework\src\traditional\proc\p18f67j60.asm
                    MICMD   0x000eb2       data     extern E:\3.46\pic18-lt\cxx-framework\src\traditional\proc\p18f67j60.asm
                MICMDbits   0x000eb2       data     extern E:\3.46\pic18-lt\cxx-framework\src\traditional\proc\p18f67j60.asm
                 MIREGADR   0x000eb4       data     extern E:\3.46\pic18-lt\cxx-framework\src\traditional\proc\p18f67j60.asm
                     MIWR   0x000eb6       data     extern E:\3.46\pic18-lt\cxx-framework\src\traditional\proc\p18f67j60.asm
                    MIWRL   0x000eb6       data     extern E:\3.46\pic18-lt\cxx-framework\src\traditional\proc\p18f67j60.asm
                    MIWRH   0x000eb7       data     extern E:\3.46\pic18-lt\cxx-framework\src\traditional\proc\p18f67j60.asm
                     MIRD   0x000eb8       data     extern E:\3.46\pic18-lt\cxx-framework\src\traditional\proc\p18f67j60.asm
                    MIRDL   0x000eb8       data     extern E:\3.46\pic18-lt\cxx-framework\src\traditional\proc\p18f67j60.asm
                    MIRDH   0x000eb9       data     extern E:\3.46\pic18-lt\cxx-framework\src\traditional\proc\p18f67j60.asm
                     EHT0   0x000ec0       data     extern E:\3.46\pic18-lt\cxx-framework\src\traditional\proc\p18f67j60.asm
                     EHT1   0x000ec1       data     extern E:\3.46\pic18-lt\cxx-framework\src\traditional\proc\p18f67j60.asm
                     EHT2   0x000ec2       data     extern E:\3.46\pic18-lt\cxx-framework\src\traditional\proc\p18f67j60.asm
                     EHT3   0x000ec3       data     extern E:\3.46\pic18-lt\cxx-framework\src\traditional\proc\p18f67j60.asm
                     EHT4   0x000ec4       data     extern E:\3.46\pic18-lt\cxx-framework\src\traditional\proc\p18f67j60.asm
                     EHT5   0x000ec5       data     extern E:\3.46\pic18-lt\cxx-framework\src\traditional\proc\p18f67j60.asm
                     EHT6   0x000ec6       data     extern E:\3.46\pic18-lt\cxx-framework\src\traditional\proc\p18f67j60.asm
                     EHT7   0x000ec7       data     extern E:\3.46\pic18-lt\cxx-framework\src\traditional\proc\p18f67j60.asm
                    EPMM0   0x000ec8       data     extern E:\3.46\pic18-lt\cxx-framework\src\traditional\proc\p18f67j60.asm
                    EPMM1   0x000ec9       data     extern E:\3.46\pic18-lt\cxx-framework\src\traditional\proc\p18f67j60.asm
                    EPMM2   0x000eca       data     extern E:\3.46\pic18-lt\cxx-framework\src\traditional\proc\p18f67j60.asm
                    EPMM3   0x000ecb       data     extern E:\3.46\pic18-lt\cxx-framework\src\traditional\proc\p18f67j60.asm
                    EPMM4   0x000ecc       data     extern E:\3.46\pic18-lt\cxx-framework\src\traditional\proc\p18f67j60.asm
                    EPMM5   0x000ecd       data     extern E:\3.46\pic18-lt\cxx-framework\src\traditional\proc\p18f67j60.asm
                    EPMM6   0x000ece       data     extern E:\3.46\pic18-lt\cxx-framework\src\traditional\proc\p18f67j60.asm
                    EPMM7   0x000ecf       data     extern E:\3.46\pic18-lt\cxx-framework\src\traditional\proc\p18f67j60.asm
                   EPMCSL   0x000ed0       data     extern E:\3.46\pic18-lt\cxx-framework\src\traditional\proc\p18f67j60.asm
                    EPMCS   0x000ed0       data     extern E:\3.46\pic18-lt\cxx-framework\src\traditional\proc\p18f67j60.asm
                   EPMCSH   0x000ed1       data     extern E:\3.46\pic18-lt\cxx-framework\src\traditional\proc\p18f67j60.asm
                     EPMO   0x000ed4       data     extern E:\3.46\pic18-lt\cxx-framework\src\traditional\proc\p18f67j60.asm
                    EPMOL   0x000ed4       data     extern E:\3.46\pic18-lt\cxx-framework\src\traditional\proc\p18f67j60.asm
                    EPMOH   0x000ed5       data     extern E:\3.46\pic18-lt\cxx-framework\src\traditional\proc\p18f67j60.asm
                  ERXFCON   0x000ed8       data     extern E:\3.46\pic18-lt\cxx-framework\src\traditional\proc\p18f67j60.asm
              ERXFCONbits   0x000ed8       data     extern E:\3.46\pic18-lt\cxx-framework\src\traditional\proc\p18f67j60.asm
                  EPKTCNT   0x000ed9       data     extern E:\3.46\pic18-lt\cxx-framework\src\traditional\proc\p18f67j60.asm
                   EWRPTL   0x000ee2       data     extern E:\3.46\pic18-lt\cxx-framework\src\traditional\proc\p18f67j60.asm
                    EWRPT   0x000ee2       data     extern E:\3.46\pic18-lt\cxx-framework\src\traditional\proc\p18f67j60.asm
                   EWRPTH   0x000ee3       data     extern E:\3.46\pic18-lt\cxx-framework\src\traditional\proc\p18f67j60.asm
                   ETXSTL   0x000ee4       data     extern E:\3.46\pic18-lt\cxx-framework\src\traditional\proc\p18f67j60.asm
                    ETXST   0x000ee4       data     extern E:\3.46\pic18-lt\cxx-framework\src\traditional\proc\p18f67j60.asm
                   ETXSTH   0x000ee5       data     extern E:\3.46\pic18-lt\cxx-framework\src\traditional\proc\p18f67j60.asm
                   ETXNDL   0x000ee6       data     extern E:\3.46\pic18-lt\cxx-framework\src\traditional\proc\p18f67j60.asm
                    ETXND   0x000ee6       data     extern E:\3.46\pic18-lt\cxx-framework\src\traditional\proc\p18f67j60.asm
                   ETXNDH   0x000ee7       data     extern E:\3.46\pic18-lt\cxx-framework\src\traditional\proc\p18f67j60.asm
                    ERXST   0x000ee8       data     extern E:\3.46\pic18-lt\cxx-framework\src\traditional\proc\p18f67j60.asm
                   ERXSTL   0x000ee8       data     extern E:\3.46\pic18-lt\cxx-framework\src\traditional\proc\p18f67j60.asm
                   ERXSTH   0x000ee9       data     extern E:\3.46\pic18-lt\cxx-framework\src\traditional\proc\p18f67j60.asm
                   ERXNDL   0x000eea       data     extern E:\3.46\pic18-lt\cxx-framework\src\traditional\proc\p18f67j60.asm
                    ERXND   0x000eea       data     extern E:\3.46\pic18-lt\cxx-framework\src\traditional\proc\p18f67j60.asm
                   ERXNDH   0x000eeb       data     extern E:\3.46\pic18-lt\cxx-framework\src\traditional\proc\p18f67j60.asm
                 ERXRDPTL   0x000eec       data     extern E:\3.46\pic18-lt\cxx-framework\src\traditional\proc\p18f67j60.asm
                  ERXRDPT   0x000eec       data     extern E:\3.46\pic18-lt\cxx-framework\src\traditional\proc\p18f67j60.asm
                 ERXRDPTH   0x000eed       data     extern E:\3.46\pic18-lt\cxx-framework\src\traditional\proc\p18f67j60.asm
                  ERXWRPT   0x000eee       data     extern E:\3.46\pic18-lt\cxx-framework\src\traditional\proc\p18f67j60.asm
                 ERXWRPTL   0x000eee       data     extern E:\3.46\pic18-lt\cxx-framework\src\traditional\proc\p18f67j60.asm
                 ERXWRPTH   0x000eef       data     extern E:\3.46\pic18-lt\cxx-framework\src\traditional\proc\p18f67j60.asm
                  EDMASTL   0x000ef0       data     extern E:\3.46\pic18-lt\cxx-framework\src\traditional\proc\p18f67j60.asm
                   EDMAST   0x000ef0       data     extern E:\3.46\pic18-lt\cxx-framework\src\traditional\proc\p18f67j60.asm
                  EDMASTH   0x000ef1       data     extern E:\3.46\pic18-lt\cxx-framework\src\traditional\proc\p18f67j60.asm
                   EDMAND   0x000ef2       data     extern E:\3.46\pic18-lt\cxx-framework\src\traditional\proc\p18f67j60.asm
                  EDMANDL   0x000ef2       data     extern E:\3.46\pic18-lt\cxx-framework\src\traditional\proc\p18f67j60.asm
                  EDMANDH   0x000ef3       data     extern E:\3.46\pic18-lt\cxx-framework\src\traditional\proc\p18f67j60.asm
                  EDMADST   0x000ef4       data     extern E:\3.46\pic18-lt\cxx-framework\src\traditional\proc\p18f67j60.asm
                 EDMADSTL   0x000ef4       data     extern E:\3.46\pic18-lt\cxx-framework\src\traditional\proc\p18f67j60.asm
                 EDMADSTH   0x000ef5       data     extern E:\3.46\pic18-lt\cxx-framework\src\traditional\proc\p18f67j60.asm
                  EDMACSL   0x000ef6       data     extern E:\3.46\pic18-lt\cxx-framework\src\traditional\proc\p18f67j60.asm
                   EDMACS   0x000ef6       data     extern E:\3.46\pic18-lt\cxx-framework\src\traditional\proc\p18f67j60.asm
                  EDMACSH   0x000ef7       data     extern E:\3.46\pic18-lt\cxx-framework\src\traditional\proc\p18f67j60.asm
                  EIEbits   0x000efb       data     extern E:\3.46\pic18-lt\cxx-framework\src\traditional\proc\p18f67j60.asm
                      EIE   0x000efb       data     extern E:\3.46\pic18-lt\cxx-framework\src\traditional\proc\p18f67j60.asm
                ESTATbits   0x000efd       data     extern E:\3.46\pic18-lt\cxx-framework\src\traditional\proc\p18f67j60.asm
                    ESTAT   0x000efd       data     extern E:\3.46\pic18-lt\cxx-framework\src\traditional\proc\p18f67j60.asm
                ECON2bits   0x000efe       data     extern E:\3.46\pic18-lt\cxx-framework\src\traditional\proc\p18f67j60.asm
                    ECON2   0x000efe       data     extern E:\3.46\pic18-lt\cxx-framework\src\traditional\proc\p18f67j60.asm
                     prom   0x000f00       data     static E:\3.46\pic18-lt\cxx-framework\src\traditional\startup\c018i.c
                curr_byte   0x000f03       data     static E:\3.46\pic18-lt\cxx-framework\src\traditional\startup\c018i.c
               curr_entry   0x000f05       data     static E:\3.46\pic18-lt\cxx-framework\src\traditional\startup\c018i.c
                 data_ptr   0x000f07       data     static E:\3.46\pic18-lt\cxx-framework\src\traditional\startup\c018i.c
                  EIRbits   0x000f60       data     extern E:\3.46\pic18-lt\cxx-framework\src\traditional\proc\p18f67j60.asm
                      EIR   0x000f60       data     extern E:\3.46\pic18-lt\cxx-framework\src\traditional\proc\p18f67j60.asm
                    EDATA   0x000f61       data     extern E:\3.46\pic18-lt\cxx-framework\src\traditional\proc\p18f67j60.asm
                EDATAbits   0x000f61       data     extern E:\3.46\pic18-lt\cxx-framework\src\traditional\proc\p18f67j60.asm
             ECCP2DELbits   0x000f67       data     extern E:\3.46\pic18-lt\cxx-framework\src\traditional\proc\p18f67j60.asm
                 ECCP2DEL   0x000f67       data     extern E:\3.46\pic18-lt\cxx-framework\src\traditional\proc\p18f67j60.asm
              ECCP2ASbits   0x000f68       data     extern E:\3.46\pic18-lt\cxx-framework\src\traditional\proc\p18f67j60.asm
                  ECCP2AS   0x000f68       data     extern E:\3.46\pic18-lt\cxx-framework\src\traditional\proc\p18f67j60.asm
                 ECCP3DEL   0x000f69       data     extern E:\3.46\pic18-lt\cxx-framework\src\traditional\proc\p18f67j60.asm
             ECCP3DELbits   0x000f69       data     extern E:\3.46\pic18-lt\cxx-framework\src\traditional\proc\p18f67j60.asm
                  ECCP3AS   0x000f6a       data     extern E:\3.46\pic18-lt\cxx-framework\src\traditional\proc\p18f67j60.asm
              ECCP3ASbits   0x000f6a       data     extern E:\3.46\pic18-lt\cxx-framework\src\traditional\proc\p18f67j60.asm
              CCP5CONbits   0x000f70       data     extern E:\3.46\pic18-lt\cxx-framework\src\traditional\proc\p18f67j60.asm
                  CCP5CON   0x000f70       data     extern E:\3.46\pic18-lt\cxx-framework\src\traditional\proc\p18f67j60.asm
                    CCPR5   0x000f71       data     extern E:\3.46\pic18-lt\cxx-framework\src\traditional\proc\p18f67j60.asm
                   CCPR5L   0x000f71       data     extern E:\3.46\pic18-lt\cxx-framework\src\traditional\proc\p18f67j60.asm
                   CCPR5H   0x000f72       data     extern E:\3.46\pic18-lt\cxx-framework\src\traditional\proc\p18f67j60.asm
                  CCP4CON   0x000f73       data     extern E:\3.46\pic18-lt\cxx-framework\src\traditional\proc\p18f67j60.asm
              CCP4CONbits   0x000f73       data     extern E:\3.46\pic18-lt\cxx-framework\src\traditional\proc\p18f67j60.asm
                   CCPR4L   0x000f74       data     extern E:\3.46\pic18-lt\cxx-framework\src\traditional\proc\p18f67j60.asm
                    CCPR4   0x000f74       data     extern E:\3.46\pic18-lt\cxx-framework\src\traditional\proc\p18f67j60.asm
                   CCPR4H   0x000f75       data     extern E:\3.46\pic18-lt\cxx-framework\src\traditional\proc\p18f67j60.asm
                T4CONbits   0x000f76       data     extern E:\3.46\pic18-lt\cxx-framework\src\traditional\proc\p18f67j60.asm
                    T4CON   0x000f76       data     extern E:\3.46\pic18-lt\cxx-framework\src\traditional\proc\p18f67j60.asm
                      PR4   0x000f77       data     extern E:\3.46\pic18-lt\cxx-framework\src\traditional\proc\p18f67j60.asm
                     TMR4   0x000f78       data     extern E:\3.46\pic18-lt\cxx-framework\src\traditional\proc\p18f67j60.asm
                 ECCP1DEL   0x000f79       data     extern E:\3.46\pic18-lt\cxx-framework\src\traditional\proc\p18f67j60.asm
             ECCP1DELbits   0x000f79       data     extern E:\3.46\pic18-lt\cxx-framework\src\traditional\proc\p18f67j60.asm
                    ERDPT   0x000f7a       data     extern E:\3.46\pic18-lt\cxx-framework\src\traditional\proc\p18f67j60.asm
                   ERDPTL   0x000f7a       data     extern E:\3.46\pic18-lt\cxx-framework\src\traditional\proc\p18f67j60.asm
                   ERDPTH   0x000f7b       data     extern E:\3.46\pic18-lt\cxx-framework\src\traditional\proc\p18f67j60.asm
                  BAUDCON   0x000f7e       data     extern E:\3.46\pic18-lt\cxx-framework\src\traditional\proc\p18f67j60.asm
                 BAUDCON1   0x000f7e       data     extern E:\3.46\pic18-lt\cxx-framework\src\traditional\proc\p18f67j60.asm
             BAUDCON1bits   0x000f7e       data     extern E:\3.46\pic18-lt\cxx-framework\src\traditional\proc\p18f67j60.asm
              BAUDCONbits   0x000f7e       data     extern E:\3.46\pic18-lt\cxx-framework\src\traditional\proc\p18f67j60.asm
                  BAUDCTL   0x000f7e       data     extern E:\3.46\pic18-lt\cxx-framework\src\traditional\proc\p18f67j60.asm
                 BAUDCTL1   0x000f7e       data     extern E:\3.46\pic18-lt\cxx-framework\src\traditional\proc\p18f67j60.asm
             BAUDCTL1bits   0x000f7e       data     extern E:\3.46\pic18-lt\cxx-framework\src\traditional\proc\p18f67j60.asm
              BAUDCTLbits   0x000f7e       data     extern E:\3.46\pic18-lt\cxx-framework\src\traditional\proc\p18f67j60.asm
                   SPBRGH   0x000f7f       data     extern E:\3.46\pic18-lt\cxx-framework\src\traditional\proc\p18f67j60.asm
                  SPBRGH1   0x000f7f       data     extern E:\3.46\pic18-lt\cxx-framework\src\traditional\proc\p18f67j60.asm
                PORTAbits   0x000f80       data     extern E:\3.46\pic18-lt\cxx-framework\src\traditional\proc\p18f67j60.asm
                    PORTA   0x000f80       data     extern E:\3.46\pic18-lt\cxx-framework\src\traditional\proc\p18f67j60.asm
                PORTBbits   0x000f81       data     extern E:\3.46\pic18-lt\cxx-framework\src\traditional\proc\p18f67j60.asm
                    PORTB   0x000f81       data     extern E:\3.46\pic18-lt\cxx-framework\src\traditional\proc\p18f67j60.asm
                PORTCbits   0x000f82       data     extern E:\3.46\pic18-lt\cxx-framework\src\traditional\proc\p18f67j60.asm
                    PORTC   0x000f82       data     extern E:\3.46\pic18-lt\cxx-framework\src\traditional\proc\p18f67j60.asm
                PORTDbits   0x000f83       data     extern E:\3.46\pic18-lt\cxx-framework\src\traditional\proc\p18f67j60.asm
                    PORTD   0x000f83       data     extern E:\3.46\pic18-lt\cxx-framework\src\traditional\proc\p18f67j60.asm
                    PORTE   0x000f84       data     extern E:\3.46\pic18-lt\cxx-framework\src\traditional\proc\p18f67j60.asm
                PORTEbits   0x000f84       data     extern E:\3.46\pic18-lt\cxx-framework\src\traditional\proc\p18f67j60.asm
                PORTFbits   0x000f85       data     extern E:\3.46\pic18-lt\cxx-framework\src\traditional\proc\p18f67j60.asm
                    PORTF   0x000f85       data     extern E:\3.46\pic18-lt\cxx-framework\src\traditional\proc\p18f67j60.asm
                PORTGbits   0x000f86       data     extern E:\3.46\pic18-lt\cxx-framework\src\traditional\proc\p18f67j60.asm
                    PORTG   0x000f86       data     extern E:\3.46\pic18-lt\cxx-framework\src\traditional\proc\p18f67j60.asm
                 LATAbits   0x000f89       data     extern E:\3.46\pic18-lt\cxx-framework\src\traditional\proc\p18f67j60.asm
                     LATA   0x000f89       data     extern E:\3.46\pic18-lt\cxx-framework\src\traditional\proc\p18f67j60.asm
                     LATB   0x000f8a       data     extern E:\3.46\pic18-lt\cxx-framework\src\traditional\proc\p18f67j60.asm
                 LATBbits   0x000f8a       data     extern E:\3.46\pic18-lt\cxx-framework\src\traditional\proc\p18f67j60.asm
                 LATCbits   0x000f8b       data     extern E:\3.46\pic18-lt\cxx-framework\src\traditional\proc\p18f67j60.asm
[...]
                 IPR1bits   0x000f9f       data     extern E:\3.46\pic18-lt\cxx-framework\src\traditional\proc\p18f67j60.asm
                     PIE2   0x000fa0       data     extern E:\3.46\pic18-lt\cxx-framework\src\traditional\proc\p18f67j60.asm
                 PIE2bits   0x000fa0       data     extern E:\3.46\pic18-lt\cxx-framework\src\traditional\proc\p18f67j60.asm
                 PIR2bits   0x000fa1       data     extern E:\3.46\pic18-lt\cxx-framework\src\traditional\proc\p18f67j60.asm
                     PIR2   0x000fa1       data     extern E:\3.46\pic18-lt\cxx-framework\src\traditional\proc\p18f67j60.asm
                 IPR2bits   0x000fa2       data     extern E:\3.46\pic18-lt\cxx-framework\src\traditional\proc\p18f67j60.asm
                     IPR2   0x000fa2       data     extern E:\3.46\pic18-lt\cxx-framework\src\traditional\proc\p18f67j60.asm
                 PIE3bits   0x000fa3       data     extern E:\3.46\pic18-lt\cxx-framework\src\traditional\proc\p18f67j60.asm
                     PIE3   0x000fa3       data     extern E:\3.46\pic18-lt\cxx-framework\src\traditional\proc\p18f67j60.asm
                     PIR3   0x000fa4       data     extern E:\3.46\pic18-lt\cxx-framework\src\traditional\proc\p18f67j60.asm
                 PIR3bits   0x000fa4       data     extern E:\3.46\pic18-lt\cxx-framework\src\traditional\proc\p18f67j60.asm
                     IPR3   0x000fa5       data     extern E:\3.46\pic18-lt\cxx-framework\src\traditional\proc\p18f67j60.asm
                 IPR3bits   0x000fa5       data     extern E:\3.46\pic18-lt\cxx-framework\src\traditional\proc\p18f67j60.asm
               EECON1bits   0x000fa6       data     extern E:\3.46\pic18-lt\cxx-framework\src\traditional\proc\p18f67j60.asm
                   EECON1   0x000fa6       data     extern E:\3.46\pic18-lt\cxx-framework\src\traditional\proc\p18f67j60.asm
                   EECON2   0x000fa7       data     extern E:\3.46\pic18-lt\cxx-framework\src\traditional\proc\p18f67j60.asm
                    RCSTA   0x000fab       data     extern E:\3.46\pic18-lt\cxx-framework\src\traditional\proc\p18f67j60.asm
                RCSTAbits   0x000fab       data     extern E:\3.46\pic18-lt\cxx-framework\src\traditional\proc\p18f67j60.asm
               RCSTA1bits   0x000fab       data     extern E:\3.46\pic18-lt\cxx-framework\src\traditional\proc\p18f67j60.asm
                   RCSTA1   0x000fab       data     extern E:\3.46\pic18-lt\cxx-framework\src\traditional\proc\p18f67j60.asm
                TXSTAbits   0x000fac       data     extern E:\3.46\pic18-lt\cxx-framework\src\traditional\proc\p18f67j60.asm
                   TXSTA1   0x000fac       data     extern E:\3.46\pic18-lt\cxx-framework\src\traditional\proc\p18f67j60.asm
                    TXSTA   0x000fac       data     extern E:\3.46\pic18-lt\cxx-framework\src\traditional\proc\p18f67j60.asm
               TXSTA1bits   0x000fac       data     extern E:\3.46\pic18-lt\cxx-framework\src\traditional\proc\p18f67j60.asm
                    TXREG   0x000fad       data     extern E:\3.46\pic18-lt\cxx-framework\src\traditional\proc\p18f67j60.asm
                   TXREG1   0x000fad       data     extern E:\3.46\pic18-lt\cxx-framework\src\traditional\proc\p18f67j60.asm
                   RCREG1   0x000fae       data     extern E:\3.46\pic18-lt\cxx-framework\src\traditional\proc\p18f67j60.asm
                    RCREG   0x000fae       data     extern E:\3.46\pic18-lt\cxx-framework\src\traditional\proc\p18f67j60.asm
                   SPBRG1   0x000faf       data     extern E:\3.46\pic18-lt\cxx-framework\src\traditional\proc\p18f67j60.asm
                    SPBRG   0x000faf       data     extern E:\3.46\pic18-lt\cxx-framework\src\traditional\proc\p18f67j60.asm
                T3CONbits   0x000fb1       data     extern E:\3.46\pic18-lt\cxx-framework\src\traditional\proc\p18f67j60.asm
                    T3CON   0x000fb1       data     extern E:\3.46\pic18-lt\cxx-framework\src\traditional\proc\p18f67j60.asm
                    TMR3L   0x000fb2       data     extern E:\3.46\pic18-lt\cxx-framework\src\traditional\proc\p18f67j60.asm
                    TMR3H   0x000fb3       data     extern E:\3.46\pic18-lt\cxx-framework\src\traditional\proc\p18f67j60.asm
                    CMCON   0x000fb4       data     extern E:\3.46\pic18-lt\cxx-framework\src\traditional\proc\p18f67j60.asm
                CMCONbits   0x000fb4       data     extern E:\3.46\pic18-lt\cxx-framework\src\traditional\proc\p18f67j60.asm
                   CVRCON   0x000fb5       data     extern E:\3.46\pic18-lt\cxx-framework\src\traditional\proc\p18f67j60.asm
               CVRCONbits   0x000fb5       data     extern E:\3.46\pic18-lt\cxx-framework\src\traditional\proc\p18f67j60.asm
                  ECCP1AS   0x000fb6       data     extern E:\3.46\pic18-lt\cxx-framework\src\traditional\proc\p18f67j60.asm
              ECCP1ASbits   0x000fb6       data     extern E:\3.46\pic18-lt\cxx-framework\src\traditional\proc\p18f67j60.asm
             ECCP3CONbits   0x000fb7       data     extern E:\3.46\pic18-lt\cxx-framework\src\traditional\proc\p18f67j60.asm
                 ECCP3CON   0x000fb7       data     extern E:\3.46\pic18-lt\cxx-framework\src\traditional\proc\p18f67j60.asm
                  CCP3CON   0x000fb7       data     extern E:\3.46\pic18-lt\cxx-framework\src\traditional\proc\p18f67j60.asm
              CCP3CONbits   0x000fb7       data     extern E:\3.46\pic18-lt\cxx-framework\src\traditional\proc\p18f67j60.asm
                   CCPR3L   0x000fb8       data     extern E:\3.46\pic18-lt\cxx-framework\src\traditional\proc\p18f67j60.asm
                    CCPR3   0x000fb8       data     extern E:\3.46\pic18-lt\cxx-framework\src\traditional\proc\p18f67j60.asm
                   CCPR3H   0x000fb9       data     extern E:\3.46\pic18-lt\cxx-framework\src\traditional\proc\p18f67j60.asm
                  CCP2CON   0x000fba       data     extern E:\3.46\pic18-lt\cxx-framework\src\traditional\proc\p18f67j60.asm
              CCP2CONbits   0x000fba       data     extern E:\3.46\pic18-lt\cxx-framework\src\traditional\proc\p18f67j60.asm
             ECCP2CONbits   0x000fba       data     extern E:\3.46\pic18-lt\cxx-framework\src\traditional\proc\p18f67j60.asm
                 ECCP2CON   0x000fba       data     extern E:\3.46\pic18-lt\cxx-framework\src\traditional\proc\p18f67j60.asm
                    CCPR2   0x000fbb       data     extern E:\3.46\pic18-lt\cxx-framework\src\traditional\proc\p18f67j60.asm
                   CCPR2L   0x000fbb       data     extern E:\3.46\pic18-lt\cxx-framework\src\traditional\proc\p18f67j60.asm
                   CCPR2H   0x000fbc       data     extern E:\3.46\pic18-lt\cxx-framework\src\traditional\proc\p18f67j60.asm
                 ECCP1CON   0x000fbd       data     extern E:\3.46\pic18-lt\cxx-framework\src\traditional\proc\p18f67j60.asm
             ECCP1CONbits   0x000fbd       data     extern E:\3.46\pic18-lt\cxx-framework\src\traditional\proc\p18f67j60.asm
                  CCP1CON   0x000fbd       data     extern E:\3.46\pic18-lt\cxx-framework\src\traditional\proc\p18f67j60.asm
              CCP1CONbits   0x000fbd       data     extern E:\3.46\pic18-lt\cxx-framework\src\traditional\proc\p18f67j60.asm
                   CCPR1L   0x000fbe       data     extern E:\3.46\pic18-lt\cxx-framework\src\traditional\proc\p18f67j60.asm
                    CCPR1   0x000fbe       data     extern E:\3.46\pic18-lt\cxx-framework\src\traditional\proc\p18f67j60.asm
                   CCPR1H   0x000fbf       data     extern E:\3.46\pic18-lt\cxx-framework\src\traditional\proc\p18f67j60.asm
               ADCON2bits   0x000fc0       data     extern E:\3.46\pic18-lt\cxx-framework\src\traditional\proc\p18f67j60.asm
                   ADCON2   0x000fc0       data     extern E:\3.46\pic18-lt\cxx-framework\src\traditional\proc\p18f67j60.asm
                   ADCON1   0x000fc1       data     extern E:\3.46\pic18-lt\cxx-framework\src\traditional\proc\p18f67j60.asm
               ADCON1bits   0x000fc1       data     extern E:\3.46\pic18-lt\cxx-framework\src\traditional\proc\p18f67j60.asm
               ADCON0bits   0x000fc2       data     extern E:\3.46\pic18-lt\cxx-framework\src\traditional\proc\p18f67j60.asm
                   ADCON0   0x000fc2       data     extern E:\3.46\pic18-lt\cxx-framework\src\traditional\proc\p18f67j60.asm
                    ADRES   0x000fc3       data     extern E:\3.46\pic18-lt\cxx-framework\src\traditional\proc\p18f67j60.asm
                   ADRESL   0x000fc3       data     extern E:\3.46\pic18-lt\cxx-framework\src\traditional\proc\p18f67j60.asm
                   ADRESH   0x000fc4       data     extern E:\3.46\pic18-lt\cxx-framework\src\traditional\proc\p18f67j60.asm
             SSP1CON2bits   0x000fc5       data     extern E:\3.46\pic18-lt\cxx-framework\src\traditional\proc\p18f67j60.asm
                 SSP1CON2   0x000fc5       data     extern E:\3.46\pic18-lt\cxx-framework\src\traditional\proc\p18f67j60.asm
              SSPCON2bits   0x000fc5       data     extern E:\3.46\pic18-lt\cxx-framework\src\traditional\proc\p18f67j60.asm
                  SSPCON2   0x000fc5       data     extern E:\3.46\pic18-lt\cxx-framework\src\traditional\proc\p18f67j60.asm
                 SSP1CON1   0x000fc6       data     extern E:\3.46\pic18-lt\cxx-framework\src\traditional\proc\p18f67j60.asm
             SSP1CON1bits   0x000fc6       data     extern E:\3.46\pic18-lt\cxx-framework\src\traditional\proc\p18f67j60.asm
                  SSPCON1   0x000fc6       data     extern E:\3.46\pic18-lt\cxx-framework\src\traditional\proc\p18f67j60.asm
              SSPCON1bits   0x000fc6       data     extern E:\3.46\pic18-lt\cxx-framework\src\traditional\proc\p18f67j60.asm
                  SSPSTAT   0x000fc7       data     extern E:\3.46\pic18-lt\cxx-framework\src\traditional\proc\p18f67j60.asm
              SSPSTATbits   0x000fc7       data     extern E:\3.46\pic18-lt\cxx-framework\src\traditional\proc\p18f67j60.asm
                 SSP1STAT   0x000fc7       data     extern E:\3.46\pic18-lt\cxx-framework\src\traditional\proc\p18f67j60.asm
             SSP1STATbits   0x000fc7       data     extern E:\3.46\pic18-lt\cxx-framework\src\traditional\proc\p18f67j60.asm
                  SSP1ADD   0x000fc8       data     extern E:\3.46\pic18-lt\cxx-framework\src\traditional\proc\p18f67j60.asm
                   SSPADD   0x000fc8       data     extern E:\3.46\pic18-lt\cxx-framework\src\traditional\proc\p18f67j60.asm
                   SSPBUF   0x000fc9       data     extern E:\3.46\pic18-lt\cxx-framework\src\traditional\proc\p18f67j60.asm
                  SSP1BUF   0x000fc9       data     extern E:\3.46\pic18-lt\cxx-framework\src\traditional\proc\p18f67j60.asm
                T2CONbits   0x000fca       data     extern E:\3.46\pic18-lt\cxx-framework\src\traditional\proc\p18f67j60.asm
                    T2CON   0x000fca       data     extern E:\3.46\pic18-lt\cxx-framework\src\traditional\proc\p18f67j60.asm
                      PR2   0x000fcb       data     extern E:\3.46\pic18-lt\cxx-framework\src\traditional\proc\p18f67j60.asm
                     TMR2   0x000fcc       data     extern E:\3.46\pic18-lt\cxx-framework\src\traditional\proc\p18f67j60.asm
                T1CONbits   0x000fcd       data     extern E:\3.46\pic18-lt\cxx-framework\src\traditional\proc\p18f67j60.asm
                    T1CON   0x000fcd       data     extern E:\3.46\pic18-lt\cxx-framework\src\traditional\proc\p18f67j60.asm
                    TMR1L   0x000fce       data     extern E:\3.46\pic18-lt\cxx-framework\src\traditional\proc\p18f67j60.asm
                    TMR1H   0x000fcf       data     extern E:\3.46\pic18-lt\cxx-framework\src\traditional\proc\p18f67j60.asm
                 RCONbits   0x000fd0       data     extern E:\3.46\pic18-lt\cxx-framework\src\traditional\proc\p18f67j60.asm
                     RCON   0x000fd0       data     extern E:\3.46\pic18-lt\cxx-framework\src\traditional\proc\p18f67j60.asm
               WDTCONbits   0x000fd1       data     extern E:\3.46\pic18-lt\cxx-framework\src\traditional\proc\p18f67j60.asm
                   WDTCON   0x000fd1       data     extern E:\3.46\pic18-lt\cxx-framework\src\traditional\proc\p18f67j60.asm
                ECON1bits   0x000fd2       data     extern E:\3.46\pic18-lt\cxx-framework\src\traditional\proc\p18f67j60.asm
                    ECON1   0x000fd2       data     extern E:\3.46\pic18-lt\cxx-framework\src\traditional\proc\p18f67j60.asm
                   OSCCON   0x000fd3       data     extern E:\3.46\pic18-lt\cxx-framework\src\traditional\proc\p18f67j60.asm
               OSCCONbits   0x000fd3       data     extern E:\3.46\pic18-lt\cxx-framework\src\traditional\proc\p18f67j60.asm
                    T0CON   0x000fd5       data     extern E:\3.46\pic18-lt\cxx-framework\src\traditional\proc\p18f67j60.asm
                T0CONbits   0x000fd5       data     extern E:\3.46\pic18-lt\cxx-framework\src\traditional\proc\p18f67j60.asm
                    TMR0L   0x000fd6       data     extern E:\3.46\pic18-lt\cxx-framework\src\traditional\proc\p18f67j60.asm
                    TMR0H   0x000fd7       data     extern E:\3.46\pic18-lt\cxx-framework\src\traditional\proc\p18f67j60.asm
               STATUSbits   0x000fd8       data     extern E:\3.46\pic18-lt\cxx-framework\src\traditional\proc\p18f67j60.asm
                   STATUS   0x000fd8       data     extern E:\3.46\pic18-lt\cxx-framework\src\traditional\proc\p18f67j60.asm
                    FSR2L   0x000fd9       data     extern E:\3.46\pic18-lt\cxx-framework\src\traditional\proc\p18f67j60.asm
                     FSR2   0x000fd9       data     extern E:\3.46\pic18-lt\cxx-framework\src\traditional\proc\p18f67j60.asm
                    FSR2H   0x000fda       data     extern E:\3.46\pic18-lt\cxx-framework\src\traditional\proc\p18f67j60.asm
                   PLUSW2   0x000fdb       data     extern E:\3.46\pic18-lt\cxx-framework\src\traditional\proc\p18f67j60.asm
                  PREINC2   0x000fdc       data     extern E:\3.46\pic18-lt\cxx-framework\src\traditional\proc\p18f67j60.asm
                 POSTDEC2   0x000fdd       data     extern E:\3.46\pic18-lt\cxx-framework\src\traditional\proc\p18f67j60.asm
                 POSTINC2   0x000fde       data     extern E:\3.46\pic18-lt\cxx-framework\src\traditional\proc\p18f67j60.asm
                    INDF2   0x000fdf       data     extern E:\3.46\pic18-lt\cxx-framework\src\traditional\proc\p18f67j60.asm
                      BSR   0x000fe0       data     extern E:\3.46\pic18-lt\cxx-framework\src\traditional\proc\p18f67j60.asm
                    FSR1L   0x000fe1       data     extern E:\3.46\pic18-lt\cxx-framework\src\traditional\proc\p18f67j60.asm
                     FSR1   0x000fe1       data     extern E:\3.46\pic18-lt\cxx-framework\src\traditional\proc\p18f67j60.asm
                    FSR1H   0x000fe2       data     extern E:\3.46\pic18-lt\cxx-framework\src\traditional\proc\p18f67j60.asm
                   PLUSW1   0x000fe3       data     extern E:\3.46\pic18-lt\cxx-framework\src\traditional\proc\p18f67j60.asm
                  PREINC1   0x000fe4       data     extern E:\3.46\pic18-lt\cxx-framework\src\traditional\proc\p18f67j60.asm
                 POSTDEC1   0x000fe5       data     extern E:\3.46\pic18-lt\cxx-framework\src\traditional\proc\p18f67j60.asm
                 POSTINC1   0x000fe6       data     extern E:\3.46\pic18-lt\cxx-framework\src\traditional\proc\p18f67j60.asm
                    INDF1   0x000fe7       data     extern E:\3.46\pic18-lt\cxx-framework\src\traditional\proc\p18f67j60.asm
                     WREG   0x000fe8       data     extern E:\3.46\pic18-lt\cxx-framework\src\traditional\proc\p18f67j60.asm
                    FSR0L   0x000fe9       data     extern E:\3.46\pic18-lt\cxx-framework\src\traditional\proc\p18f67j60.asm
                     FSR0   0x000fe9       data     extern E:\3.46\pic18-lt\cxx-framework\src\traditional\proc\p18f67j60.asm
                    FSR0H   0x000fea       data     extern E:\3.46\pic18-lt\cxx-framework\src\traditional\proc\p18f67j60.asm
                   PLUSW0   0x000feb       data     extern E:\3.46\pic18-lt\cxx-framework\src\traditional\proc\p18f67j60.asm
                  PREINC0   0x000fec       data     extern E:\3.46\pic18-lt\cxx-framework\src\traditional\proc\p18f67j60.asm
                 POSTDEC0   0x000fed       data     extern E:\3.46\pic18-lt\cxx-framework\src\traditional\proc\p18f67j60.asm
                 POSTINC0   0x000fee       data     extern E:\3.46\pic18-lt\cxx-framework\src\traditional\proc\p18f67j60.asm
                    INDF0   0x000fef       data     extern E:\3.46\pic18-lt\cxx-framework\src\traditional\proc\p18f67j60.asm
                  INTCON3   0x000ff0       data     extern E:\3.46\pic18-lt\cxx-framework\src\traditional\proc\p18f67j60.asm
              INTCON3bits   0x000ff0       data     extern E:\3.46\pic18-lt\cxx-framework\src\traditional\proc\p18f67j60.asm
                  INTCON2   0x000ff1       data     extern E:\3.46\pic18-lt\cxx-framework\src\traditional\proc\p18f67j60.asm
              INTCON2bits   0x000ff1       data     extern E:\3.46\pic18-lt\cxx-framework\src\traditional\proc\p18f67j60.asm
                   INTCON   0x000ff2       data     extern E:\3.46\pic18-lt\cxx-framework\src\traditional\proc\p18f67j60.asm
               INTCONbits   0x000ff2       data     extern E:\3.46\pic18-lt\cxx-framework\src\traditional\proc\p18f67j60.asm
                     PROD   0x000ff3       data     extern E:\3.46\pic18-lt\cxx-framework\src\traditional\proc\p18f67j60.asm
                    PRODL   0x000ff3       data     extern E:\3.46\pic18-lt\cxx-framework\src\traditional\proc\p18f67j60.asm
                    PRODH   0x000ff4       data     extern E:\3.46\pic18-lt\cxx-framework\src\traditional\proc\p18f67j60.asm
                   TABLAT   0x000ff5       data     extern E:\3.46\pic18-lt\cxx-framework\src\traditional\proc\p18f67j60.asm
                  TBLPTRL   0x000ff6       data     extern E:\3.46\pic18-lt\cxx-framework\src\traditional\proc\p18f67j60.asm
                   TBLPTR   0x000ff6       data     extern E:\3.46\pic18-lt\cxx-framework\src\traditional\proc\p18f67j60.asm
                  TBLPTRH   0x000ff7       data     extern E:\3.46\pic18-lt\cxx-framework\src\traditional\proc\p18f67j60.asm
                  TBLPTRU   0x000ff8       data     extern E:\3.46\pic18-lt\cxx-framework\src\traditional\proc\p18f67j60.asm
                       PC   0x000ff9       data     extern E:\3.46\pic18-lt\cxx-framework\src\traditional\proc\p18f67j60.asm
                      PCL   0x000ff9       data     extern E:\3.46\pic18-lt\cxx-framework\src\traditional\proc\p18f67j60.asm
                   PCLATH   0x000ffa       data     extern E:\3.46\pic18-lt\cxx-framework\src\traditional\proc\p18f67j60.asm
                   PCLATU   0x000ffb       data     extern E:\3.46\pic18-lt\cxx-framework\src\traditional\proc\p18f67j60.asm
               STKPTRbits   0x000ffc       data     extern E:\3.46\pic18-lt\cxx-framework\src\traditional\proc\p18f67j60.asm
                   STKPTR   0x000ffc       data     extern E:\3.46\pic18-lt\cxx-framework\src\traditional\proc\p18f67j60.asm
                      TOS   0x000ffd       data     extern E:\3.46\pic18-lt\cxx-framework\src\traditional\proc\p18f67j60.asm
                     TOSL   0x000ffd       data     extern E:\3.46\pic18-lt\cxx-framework\src\traditional\proc\p18f67j60.asm
                     TOSH   0x000ffe       data     extern E:\3.46\pic18-lt\cxx-framework\src\traditional\proc\p18f67j60.asm
                     TOSU   0x000fff       data     extern E:\3.46\pic18-lt\cxx-framework\src\traditional\proc\p18f67j60.asm


